Archive member included to satisfy reference by file (symbol)

d:/program files/msys2/home/bnguy/qmk_utils/avr8-gnu-toolchain/bin/../lib/gcc/avr/5.4.0/avr5\libgcc.a(_udivmodhi4.o)
                              .build/obj_nanoslider_default/quantum/color.o (__udivmodhi4)
d:/program files/msys2/home/bnguy/qmk_utils/avr8-gnu-toolchain/bin/../lib/gcc/avr/5.4.0/avr5\libgcc.a(_divmodhi4.o)
                              .build/obj_nanoslider_default/quantum/rgblight.o (__divmodhi4)
d:/program files/msys2/home/bnguy/qmk_utils/avr8-gnu-toolchain/bin/../lib/gcc/avr/5.4.0/avr5\libgcc.a(_exit.o)
                              d:/program files/msys2/home/bnguy/qmk_utils/avr8-gnu-toolchain/bin/../lib/gcc/avr/5.4.0/../../../../avr/lib/avr5/crtatmega32u4.o (exit)
d:/program files/msys2/home/bnguy/qmk_utils/avr8-gnu-toolchain/bin/../lib/gcc/avr/5.4.0/avr5\libgcc.a(_tablejump2.o)
                              .build/obj_nanoslider_default/quantum/quantum.o (__tablejump2__)
d:/program files/msys2/home/bnguy/qmk_utils/avr8-gnu-toolchain/bin/../lib/gcc/avr/5.4.0/avr5\libgcc.a(_copy_data.o)
                              .build/obj_nanoslider_default/quantum/matrix.o (__do_copy_data)
d:/program files/msys2/home/bnguy/qmk_utils/avr8-gnu-toolchain/bin/../lib/gcc/avr/5.4.0/avr5\libgcc.a(_clear_bss.o)
                              .build/obj_nanoslider_default/quantum/quantum.o (__do_clear_bss)
d:/program files/msys2/home/bnguy/qmk_utils/avr8-gnu-toolchain/bin/../lib/gcc/avr/5.4.0/../../../../avr/lib/avr5\libc.a(memcpy_P.o)
                              .build/obj_nanoslider_default/lib/lufa/LUFA/Drivers/USB/Class/Device/RNDISClassDevice.o (memcpy_P)
d:/program files/msys2/home/bnguy/qmk_utils/avr8-gnu-toolchain/bin/../lib/gcc/avr/5.4.0/../../../../avr/lib/avr5\libc.a(strlen_P.o)
                              .build/obj_nanoslider_default/lib/lufa/LUFA/Drivers/USB/Class/Device/CDCClassDevice.o (__strlen_P)
d:/program files/msys2/home/bnguy/qmk_utils/avr8-gnu-toolchain/bin/../lib/gcc/avr/5.4.0/../../../../avr/lib/avr5\libc.a(memchr.o)
                              .build/obj_nanoslider_default/quantum/rgblight.o (memchr)
d:/program files/msys2/home/bnguy/qmk_utils/avr8-gnu-toolchain/bin/../lib/gcc/avr/5.4.0/../../../../avr/lib/avr5\libc.a(memcmp.o)
                              .build/obj_nanoslider_default/lib/lufa/LUFA/Drivers/USB/Class/Device/HIDClassDevice.o (memcmp)
d:/program files/msys2/home/bnguy/qmk_utils/avr8-gnu-toolchain/bin/../lib/gcc/avr/5.4.0/../../../../avr/lib/avr5\libc.a(memcpy.o)
                              .build/obj_nanoslider_default/midi.o (memcpy)
d:/program files/msys2/home/bnguy/qmk_utils/avr8-gnu-toolchain/bin/../lib/gcc/avr/5.4.0/../../../../avr/lib/avr5\libc.a(memmove.o)
                              .build/obj_nanoslider_default/lib/lufa/LUFA/Drivers/USB/Class/Common/HIDParser.o (memmove)
d:/program files/msys2/home/bnguy/qmk_utils/avr8-gnu-toolchain/bin/../lib/gcc/avr/5.4.0/../../../../avr/lib/avr5\libc.a(memset.o)
                              .build/obj_nanoslider_default/lib/lufa/LUFA/Drivers/USB/Class/Device/HIDClassDevice.o (memset)
d:/program files/msys2/home/bnguy/qmk_utils/avr8-gnu-toolchain/bin/../lib/gcc/avr/5.4.0/../../../../avr/lib/avr5\libatmega32u4.a(eerd_byte.o)
                              .build/obj_nanoslider_default/common/eeconfig.o (eeprom_read_byte)
d:/program files/msys2/home/bnguy/qmk_utils/avr8-gnu-toolchain/bin/../lib/gcc/avr/5.4.0/../../../../avr/lib/avr5\libatmega32u4.a(eerd_dword.o)
                              .build/obj_nanoslider_default/quantum/rgblight.o (eeprom_read_dword)
d:/program files/msys2/home/bnguy/qmk_utils/avr8-gnu-toolchain/bin/../lib/gcc/avr/5.4.0/../../../../avr/lib/avr5\libatmega32u4.a(eerd_word.o)
                              .build/obj_nanoslider_default/common/eeconfig.o (eeprom_read_word)
d:/program files/msys2/home/bnguy/qmk_utils/avr8-gnu-toolchain/bin/../lib/gcc/avr/5.4.0/../../../../avr/lib/avr5\libatmega32u4.a(eeupd_byte.o)
                              .build/obj_nanoslider_default/common/eeconfig.o (eeprom_update_byte)
d:/program files/msys2/home/bnguy/qmk_utils/avr8-gnu-toolchain/bin/../lib/gcc/avr/5.4.0/../../../../avr/lib/avr5\libatmega32u4.a(eeupd_dword.o)
                              .build/obj_nanoslider_default/quantum/rgblight.o (eeprom_update_dword)
d:/program files/msys2/home/bnguy/qmk_utils/avr8-gnu-toolchain/bin/../lib/gcc/avr/5.4.0/../../../../avr/lib/avr5\libatmega32u4.a(eeupd_word.o)
                              .build/obj_nanoslider_default/common/eeconfig.o (eeprom_update_word)
d:/program files/msys2/home/bnguy/qmk_utils/avr8-gnu-toolchain/bin/../lib/gcc/avr/5.4.0/../../../../avr/lib/avr5\libatmega32u4.a(eerd_block.o)
                              d:/program files/msys2/home/bnguy/qmk_utils/avr8-gnu-toolchain/bin/../lib/gcc/avr/5.4.0/../../../../avr/lib/avr5\libatmega32u4.a(eerd_dword.o) (eeprom_read_blraw)

Allocating common symbols
Common symbol       size              file

[...]
Memory Configuration

Name             Origin             Length             Attributes
text             0x00000000         0x00020000         xr
data             0x00800060         0x0000ffa0         rw !x
eeprom           0x00810000         0x00010000         rw !x
fuse             0x00820000         0x00000003         rw !x
lock             0x00830000         0x00000400         rw !x
signature        0x00840000         0x00000400         rw !x
user_signatures  0x00850000         0x00000400         rw !x
*default*        0x00000000         0xffffffff

Linker script and memory map

Address of section .data set to 0x800100
LOAD d:/program files/msys2/home/bnguy/qmk_utils/avr8-gnu-toolchain/bin/../lib/gcc/avr/5.4.0/../../../../avr/lib/avr5/crtatmega32u4.o
LOAD .build/obj_nanoslider_default/keyboards/nanoslider/keymaps/default/keymap.o
LOAD .build/obj_nanoslider_default/quantum/quantum.o
LOAD .build/obj_nanoslider_default/quantum/keymap_common.o
LOAD .build/obj_nanoslider_default/quantum/keycode_config.o
LOAD .build/obj_nanoslider_default/quantum/matrix.o
LOAD .build/obj_nanoslider_default/quantum/debounce/sym_g.o
LOAD .build/obj_nanoslider_default/quantum/process_keycode/process_midi.o
LOAD .build/obj_nanoslider_default/quantum/process_keycode/process_music.o
LOAD .build/obj_nanoslider_default/quantum/color.o
LOAD .build/obj_nanoslider_default/quantum/rgblight.o
LOAD .build/obj_nanoslider_default/ws2812.o
LOAD .build/obj_nanoslider_default/quantum/led_tables.o
LOAD .build/obj_nanoslider_default/quantum/process_keycode/process_space_cadet.o
LOAD .build/obj_nanoslider_default/common/host.o
LOAD .build/obj_nanoslider_default/common/keyboard.o
LOAD .build/obj_nanoslider_default/common/action.o
LOAD .build/obj_nanoslider_default/common/action_tapping.o
LOAD .build/obj_nanoslider_default/common/action_macro.o
LOAD .build/obj_nanoslider_default/common/action_layer.o
LOAD .build/obj_nanoslider_default/common/action_util.o
LOAD .build/obj_nanoslider_default/common/print.o
LOAD .build/obj_nanoslider_default/common/debug.o
LOAD .build/obj_nanoslider_default/common/util.o
LOAD .build/obj_nanoslider_default/common/eeconfig.o
LOAD .build/obj_nanoslider_default/common/report.o
LOAD .build/obj_nanoslider_default/common/avr/suspend.o
LOAD .build/obj_nanoslider_default/common/avr/timer.o
LOAD .build/obj_nanoslider_default/common/avr/bootloader.o
LOAD .build/obj_nanoslider_default/common/avr/xprintf.o
LOAD .build/obj_nanoslider_default/common/magic.o
LOAD .build/obj_nanoslider_default/midi.o
LOAD .build/obj_nanoslider_default/midi_device.o
LOAD .build/obj_nanoslider_default/bytequeue/bytequeue.o
LOAD .build/obj_nanoslider_default/bytequeue/interrupt_setting.o
LOAD .build/obj_nanoslider_default/sysex_tools.o
LOAD .build/obj_nanoslider_default/qmk_midi.o
LOAD .build/obj_nanoslider_default/lib/lufa/LUFA/Drivers/USB/Class/Device/AudioClassDevice.o
LOAD .build/obj_nanoslider_default/lib/lufa/LUFA/Drivers/USB/Class/Device/CDCClassDevice.o
LOAD .build/obj_nanoslider_default/lib/lufa/LUFA/Drivers/USB/Class/Device/HIDClassDevice.o
LOAD .build/obj_nanoslider_default/lib/lufa/LUFA/Drivers/USB/Class/Device/MassStorageClassDevice.o
LOAD .build/obj_nanoslider_default/lib/lufa/LUFA/Drivers/USB/Class/Device/MIDIClassDevice.o
LOAD .build/obj_nanoslider_default/lib/lufa/LUFA/Drivers/USB/Class/Device/PrinterClassDevice.o
LOAD .build/obj_nanoslider_default/lib/lufa/LUFA/Drivers/USB/Class/Device/RNDISClassDevice.o
LOAD .build/obj_nanoslider_default/lib/lufa/LUFA/Drivers/USB/Class/Host/AndroidAccessoryClassHost.o
LOAD .build/obj_nanoslider_default/lib/lufa/LUFA/Drivers/USB/Class/Host/AudioClassHost.o
LOAD .build/obj_nanoslider_default/lib/lufa/LUFA/Drivers/USB/Class/Host/CDCClassHost.o
LOAD .build/obj_nanoslider_default/lib/lufa/LUFA/Drivers/USB/Class/Host/HIDClassHost.o
LOAD .build/obj_nanoslider_default/lib/lufa/LUFA/Drivers/USB/Class/Host/MassStorageClassHost.o
LOAD .build/obj_nanoslider_default/lib/lufa/LUFA/Drivers/USB/Class/Host/MIDIClassHost.o
LOAD .build/obj_nanoslider_default/lib/lufa/LUFA/Drivers/USB/Class/Host/PrinterClassHost.o
LOAD .build/obj_nanoslider_default/lib/lufa/LUFA/Drivers/USB/Class/Host/RNDISClassHost.o
LOAD .build/obj_nanoslider_default/lib/lufa/LUFA/Drivers/USB/Class/Host/StillImageClassHost.o
LOAD .build/obj_nanoslider_default/lufa.o
LOAD .build/obj_nanoslider_default/usb_descriptor.o
LOAD .build/obj_nanoslider_default/outputselect.o
LOAD .build/obj_nanoslider_default/lib/lufa/LUFA/Drivers/USB/Class/Common/HIDParser.o
LOAD .build/obj_nanoslider_default/lib/lufa/LUFA/Drivers/USB/Core/AVR8/Device_AVR8.o
LOAD .build/obj_nanoslider_default/lib/lufa/LUFA/Drivers/USB/Core/AVR8/EndpointStream_AVR8.o
LOAD .build/obj_nanoslider_default/lib/lufa/LUFA/Drivers/USB/Core/AVR8/Endpoint_AVR8.o
LOAD .build/obj_nanoslider_default/lib/lufa/LUFA/Drivers/USB/Core/AVR8/Host_AVR8.o
LOAD .build/obj_nanoslider_default/lib/lufa/LUFA/Drivers/USB/Core/AVR8/PipeStream_AVR8.o
LOAD .build/obj_nanoslider_default/lib/lufa/LUFA/Drivers/USB/Core/AVR8/Pipe_AVR8.o
LOAD .build/obj_nanoslider_default/lib/lufa/LUFA/Drivers/USB/Core/AVR8/USBController_AVR8.o
LOAD .build/obj_nanoslider_default/lib/lufa/LUFA/Drivers/USB/Core/AVR8/USBInterrupt_AVR8.o
LOAD .build/obj_nanoslider_default/lib/lufa/LUFA/Drivers/USB/Core/ConfigDescriptors.o
LOAD .build/obj_nanoslider_default/lib/lufa/LUFA/Drivers/USB/Core/DeviceStandardReq.o
LOAD .build/obj_nanoslider_default/lib/lufa/LUFA/Drivers/USB/Core/Events.o
LOAD .build/obj_nanoslider_default/lib/lufa/LUFA/Drivers/USB/Core/HostStandardReq.o
LOAD .build/obj_nanoslider_default/lib/lufa/LUFA/Drivers/USB/Core/USBTask.o
LOAD d:/program files/msys2/home/bnguy/qmk_utils/avr8-gnu-toolchain/bin/../lib/gcc/avr/5.4.0/../../../../avr/lib/avr5\libm.a
START GROUP
LOAD d:/program files/msys2/home/bnguy/qmk_utils/avr8-gnu-toolchain/bin/../lib/gcc/avr/5.4.0/avr5\libgcc.a
LOAD d:/program files/msys2/home/bnguy/qmk_utils/avr8-gnu-toolchain/bin/../lib/gcc/avr/5.4.0/../../../../avr/lib/avr5\libm.a
LOAD d:/program files/msys2/home/bnguy/qmk_utils/avr8-gnu-toolchain/bin/../lib/gcc/avr/5.4.0/../../../../avr/lib/avr5\libc.a
LOAD d:/program files/msys2/home/bnguy/qmk_utils/avr8-gnu-toolchain/bin/../lib/gcc/avr/5.4.0/../../../../avr/lib/avr5\libatmega32u4.a
END GROUP
                0x00020000                __TEXT_REGION_LENGTH__ = DEFINED (__TEXT_REGION_LENGTH__)?__TEXT_REGION_LENGTH__:0x20000
                0x0000ffa0                __DATA_REGION_LENGTH__ = DEFINED (__DATA_REGION_LENGTH__)?__DATA_REGION_LENGTH__:0xffa0
                0x00010000                __EEPROM_REGION_LENGTH__ = DEFINED (__EEPROM_REGION_LENGTH__)?__EEPROM_REGION_LENGTH__:0x10000
                [0x00000003]                __FUSE_REGION_LENGTH__ = DEFINED (__FUSE_REGION_LENGTH__)?__FUSE_REGION_LENGTH__:0x400
                0x00000400                __LOCK_REGION_LENGTH__ = DEFINED (__LOCK_REGION_LENGTH__)?__LOCK_REGION_LENGTH__:0x400
                0x00000400                __SIGNATURE_REGION_LENGTH__ = DEFINED (__SIGNATURE_REGION_LENGTH__)?__SIGNATURE_REGION_LENGTH__:0x400
                0x00000400                __USER_SIGNATURE_REGION_LENGTH__ = DEFINED (__USER_SIGNATURE_REGION_LENGTH__)?__USER_SIGNATURE_REGION_LENGTH__:0x400

.hash
 *(.hash)

.dynsym
 *(.dynsym)

.dynstr
 *(.dynstr)

.gnu.version
 *(.gnu.version)

.gnu.version_d
 *(.gnu.version_d)

.gnu.version_r
 *(.gnu.version_r)

.rel.init
 *(.rel.init)

.rela.init
 *(.rela.init)

.rel.text
 *(.rel.text)
 *(.rel.text.*)
 *(.rel.gnu.linkonce.t*)

.rela.text
 *(.rela.text)
 *(.rela.text.*)
 *(.rela.gnu.linkonce.t*)

.rel.fini
 *(.rel.fini)

.rela.fini
 *(.rela.fini)

.rel.rodata
 *(.rel.rodata)
 *(.rel.rodata.*)
 *(.rel.gnu.linkonce.r*)

.rela.rodata
 *(.rela.rodata)
 *(.rela.rodata.*)
 *(.rela.gnu.linkonce.r*)

.rel.data
 *(.rel.data)
 *(.rel.data.*)
 *(.rel.gnu.linkonce.d*)

.rela.data
 *(.rela.data)
 *(.rela.data.*)
 *(.rela.gnu.linkonce.d*)

.rel.ctors
 *(.rel.ctors)

.rela.ctors
 *(.rela.ctors)

.rel.dtors
 *(.rel.dtors)

.rela.dtors
 *(.rela.dtors)

.rel.got
 *(.rel.got)

.rela.got
 *(.rela.got)

.rel.bss
 *(.rel.bss)

.rela.bss
 *(.rela.bss)

.rel.plt
 *(.rel.plt)

.rela.plt
 *(.rela.plt)

.text           0x00000000     0x5308
 *(.vectors)
 .vectors       0x00000000       0xac d:/program files/msys2/home/bnguy/qmk_utils/avr8-gnu-toolchain/bin/../lib/gcc/avr/5.4.0/../../../../avr/lib/avr5/crtatmega32u4.o
                0x00000000                __vector_default
                0x00000000                __vectors
 *(.vectors)
 *(.progmem.gcc*)
 .progmem.gcc_sw_table.process_record_quantum
                0x000000ac       0x24 .build/obj_nanoslider_default/quantum/quantum.o
 .progmem.gcc_sw_table.process_action
                0x000000d0       0x4a .build/obj_nanoslider_default/common/action.o
 .progmem.gcc_sw_table.is_tap_action
                0x0000011a       0x1c .build/obj_nanoslider_default/common/action.o
 .progmem.gcc_sw_table.USB_Device_ProcessControlRequest
                0x00000136       0x14 .build/obj_nanoslider_default/lib/lufa/LUFA/Drivers/USB/Core/DeviceStandardReq.o
                0x0000014a                . = ALIGN (0x2)
                0x0000014a                __trampolines_start = .
 *(.trampolines)
 .trampolines   0x0000014a        0x0 linker stubs
 *(.trampolines*)
                0x0000014a                __trampolines_end = .
 *libprintf_flt.a:*(.progmem.data)
 *libc.a:*(.progmem.data)
 *(.progmem*)
 .progmem.data.keymaps
                0x0000014a      0x100 .build/obj_nanoslider_default/keyboards/nanoslider/keymaps/default/keymap.o
                0x0000014a                keymaps
 .progmem.data.fn_actions
                0x0000024a        0x0 .build/obj_nanoslider_default/quantum/keymap_common.o
                0x0000024a                fn_actions
 .progmem.data.RGBLED_RGBTEST_INTERVALS
                0x0000024a        0x2 .build/obj_nanoslider_default/quantum/rgblight.o
                0x0000024a                RGBLED_RGBTEST_INTERVALS
 .progmem.data.RGBLED_KNIGHT_INTERVALS
                0x0000024c        0x3 .build/obj_nanoslider_default/quantum/rgblight.o
                0x0000024c                RGBLED_KNIGHT_INTERVALS
 .progmem.data.RGBLED_SNAKE_INTERVALS
                0x0000024f        0x3 .build/obj_nanoslider_default/quantum/rgblight.o
                0x0000024f                RGBLED_SNAKE_INTERVALS
 .progmem.data.RGBLED_RAINBOW_SWIRL_INTERVALS
                0x00000252        0x3 .build/obj_nanoslider_default/quantum/rgblight.o
                0x00000252                RGBLED_RAINBOW_SWIRL_INTERVALS
 .progmem.data.RGBLED_RAINBOW_MOOD_INTERVALS
                0x00000255        0x3 .build/obj_nanoslider_default/quantum/rgblight.o
                0x00000255                RGBLED_RAINBOW_MOOD_INTERVALS
 .progmem.data.RGBLED_BREATHING_INTERVALS
                0x00000258        0x4 .build/obj_nanoslider_default/quantum/rgblight.o
                0x00000258                RGBLED_BREATHING_INTERVALS
 .progmem.data.rgblight_effect_breathe_table
                0x0000025c      0x100 .build/obj_nanoslider_default/quantum/rgblight.o
                0x0000025c                rgblight_effect_breathe_table
 .progmem.data.RGBLED_GRADIENT_RANGES
                0x0000035c        0x5 .build/obj_nanoslider_default/quantum/rgblight.o
                0x0000035c                RGBLED_GRADIENT_RANGES
 .progmem.data.CIE1931_CURVE
                0x00000361      0x100 .build/obj_nanoslider_default/quantum/led_tables.o
                0x00000361                CIE1931_CURVE
 .progmem.data.SerialNumberString
                0x00000461        0x6 .build/obj_nanoslider_default/usb_descriptor.o
                0x00000461                SerialNumberString
 .progmem.data.ProductString
                0x00000467       0x14 .build/obj_nanoslider_default/usb_descriptor.o
                0x00000467                ProductString
 .progmem.data.ManufacturerString
                0x0000047b       0x18 .build/obj_nanoslider_default/usb_descriptor.o
                0x0000047b                ManufacturerString
 .progmem.data.LanguageString
                0x00000493        0x4 .build/obj_nanoslider_default/usb_descriptor.o
                0x00000493                LanguageString
 .progmem.data.ConfigurationDescriptor
                0x00000497       0x9f .build/obj_nanoslider_default/usb_descriptor.o
                0x00000497                ConfigurationDescriptor
 .progmem.data.DeviceDescriptor
                0x00000536       0x12 .build/obj_nanoslider_default/usb_descriptor.o
                0x00000536                DeviceDescriptor
 .progmem.data.SharedReport
                0x00000548       0x71 .build/obj_nanoslider_default/usb_descriptor.o
                0x00000548                SharedReport
 .progmem.data.KeyboardReport
                0x000005b9       0x40 .build/obj_nanoslider_default/usb_descriptor.o
                0x000005b9                KeyboardReport
                0x000005fa                . = ALIGN (0x2)
 *fill*         0x000005f9        0x1 
 *(.jumptables)
 *(.jumptables*)
 *(.lowtext)
 *(.lowtext*)
                0x000005fa                __ctors_start = .
 *(.ctors)
                0x000005fa                __ctors_end = .
                0x000005fa                __dtors_start = .
 *(.dtors)
                0x000005fa                __dtors_end = .
 SORT(*)(.ctors)
 SORT(*)(.dtors)
 *(.init0)
 .init0         0x000005fa        0x0 d:/program files/msys2/home/bnguy/qmk_utils/avr8-gnu-toolchain/bin/../lib/gcc/avr/5.4.0/../../../../avr/lib/avr5/crtatmega32u4.o
                0x000005fa                __init
 *(.init0)
 *(.init1)
 *(.init1)
 *(.init2)
 .init2         0x000005fa        0xc d:/program files/msys2/home/bnguy/qmk_utils/avr8-gnu-toolchain/bin/../lib/gcc/avr/5.4.0/../../../../avr/lib/avr5/crtatmega32u4.o
 *(.init2)
 *(.init3)
 .init3         0x00000606       0x54 .build/obj_nanoslider_default/common/avr/bootloader.o
                0x00000606                bootloader_jump_after_watchdog_reset
 *(.init3)
 *(.init4)
 .init4         0x0000065a       0x16 d:/program files/msys2/home/bnguy/qmk_utils/avr8-gnu-toolchain/bin/../lib/gcc/avr/5.4.0/avr5\libgcc.a(_copy_data.o)
                0x0000065a                __do_copy_data
 .init4         0x00000670       0x10 d:/program files/msys2/home/bnguy/qmk_utils/avr8-gnu-toolchain/bin/../lib/gcc/avr/5.4.0/avr5\libgcc.a(_clear_bss.o)
                0x00000670                __do_clear_bss
 *(.init4)
 *(.init5)
 *(.init5)
 *(.init6)
 *(.init6)
 *(.init7)
 *(.init7)
 *(.init8)
 *(.init8)
 *(.init9)
 .init9         0x00000680        0x8 d:/program files/msys2/home/bnguy/qmk_utils/avr8-gnu-toolchain/bin/../lib/gcc/avr/5.4.0/../../../../avr/lib/avr5/crtatmega32u4.o
 *(.init9)
 *(.text)
 .text          0x00000688        0x4 d:/program files/msys2/home/bnguy/qmk_utils/avr8-gnu-toolchain/bin/../lib/gcc/avr/5.4.0/../../../../avr/lib/avr5/crtatmega32u4.o
                0x00000688                __vector_38
                0x00000688                __vector_22
                0x00000688                __vector_28
                0x00000688                __vector_1
                0x00000688                __vector_32
                0x00000688                __vector_34
                0x00000688                __vector_24
                0x00000688                __bad_interrupt
                0x00000688                __vector_6
                0x00000688                __vector_31
                0x00000688                __vector_35
                0x00000688                __vector_39
                0x00000688                __vector_3
                0x00000688                __vector_23
                0x00000688                __vector_30
                0x00000688                __vector_25
                0x00000688                __vector_13
                0x00000688                __vector_17
                0x00000688                __vector_19
                0x00000688                __vector_7
                0x00000688                __vector_41
                0x00000688                __vector_27
                0x00000688                __vector_5
                0x00000688                __vector_33
                0x00000688                __vector_37
                0x00000688                __vector_4
                0x00000688                __vector_9
                0x00000688                __vector_2
                0x00000688                __vector_15
                0x00000688                __vector_36
                0x00000688                __vector_29
                0x00000688                __vector_40
                0x00000688                __vector_8
                0x00000688                __vector_26
                0x00000688                __vector_14
                0x00000688                __vector_16
                0x00000688                __vector_18
                0x00000688                __vector_20
                0x00000688                __vector_42
                0x0000068c                . = ALIGN (0x2)
 *(.text.*)
 .text.action_get_macro
                0x0000068c        0x6 .build/obj_nanoslider_default/keyboards/nanoslider/keymaps/default/keymap.o
                0x0000068c                action_get_macro
 .text.matrix_init_user
                0x00000692        0x2 .build/obj_nanoslider_default/keyboards/nanoslider/keymaps/default/keymap.o
                0x00000692                matrix_init_user
 .text.matrix_scan_user
                0x00000694        0x2 .build/obj_nanoslider_default/keyboards/nanoslider/keymaps/default/keymap.o
                0x00000694                matrix_scan_user
 .text.process_record_user
                0x00000696        0x4 .build/obj_nanoslider_default/keyboards/nanoslider/keymaps/default/keymap.o
                0x00000696                process_record_user
 .text.led_set_user
                0x0000069a        0x2 .build/obj_nanoslider_default/keyboards/nanoslider/keymaps/default/keymap.o
                0x0000069a                led_set_user
 .text.process_action_kb
                0x0000069c        0x4 .build/obj_nanoslider_default/quantum/quantum.o
                0x0000069c                process_action_kb
 .text.process_record_kb
                0x000006a0        0x4 .build/obj_nanoslider_default/quantum/quantum.o
                0x000006a0                process_record_kb
 .text.get_event_keycode
                0x000006a4       0x62 .build/obj_nanoslider_default/quantum/quantum.o
                0x000006a4                get_event_keycode
 .text.get_record_keycode
                0x00000706       0x10 .build/obj_nanoslider_default/quantum/quantum.o
                0x00000706                get_record_keycode
 .text.matrix_init_quantum
                0x00000716       0x10 .build/obj_nanoslider_default/quantum/quantum.o
                0x00000716                matrix_init_quantum
 .text.matrix_scan_quantum
                0x00000726        0x4 .build/obj_nanoslider_default/quantum/quantum.o
                0x00000726                matrix_scan_quantum
 .text.led_set_kb
                0x0000072a        0x4 .build/obj_nanoslider_default/quantum/quantum.o
                0x0000072a                led_set_kb
 .text.led_set  0x0000072e        0x4 .build/obj_nanoslider_default/quantum/quantum.o
                0x0000072e                led_set
 .text.shutdown_user
                0x00000732        0x2 .build/obj_nanoslider_default/quantum/quantum.o
                0x00000732                shutdown_user
 .text.reset_keyboard
                0x00000734       0x1e .build/obj_nanoslider_default/quantum/quantum.o
                0x00000734                reset_keyboard
 .text.process_record_quantum
                0x00000752      0x416 .build/obj_nanoslider_default/quantum/quantum.o
                0x00000752                process_record_quantum
 .text.action_function
                0x00000b68        0x2 .build/obj_nanoslider_default/quantum/keymap_common.o
                0x00000b68                action_function
 .text.keymap_key_to_keycode
                0x00000b6a       0x26 .build/obj_nanoslider_default/quantum/keymap_common.o
                0x00000b6a                keymap_key_to_keycode
 .text.keymap_function_id_to_action
                0x00000b90       0x10 .build/obj_nanoslider_default/quantum/keymap_common.o
                0x00000b90                keymap_function_id_to_action
 .text.action_for_key
                0x00000ba0      0x378 .build/obj_nanoslider_default/quantum/keymap_common.o
                0x00000ba0                action_for_key
 .text.keycode_config
                0x00000f18       0xf8 .build/obj_nanoslider_default/quantum/keycode_config.o
                0x00000f18                keycode_config
 .text.mod_config
                0x00001010       0x46 .build/obj_nanoslider_default/quantum/keycode_config.o
                0x00001010                mod_config
 .text.matrix_init_kb
                0x00001056        0x4 .build/obj_nanoslider_default/quantum/matrix.o
                0x00001056                matrix_init_kb
 .text.matrix_scan_kb
                0x0000105a        0x4 .build/obj_nanoslider_default/quantum/matrix.o
                0x0000105a                matrix_scan_kb
 .text.matrix_get_row
                0x0000105e        0xc .build/obj_nanoslider_default/quantum/matrix.o
                0x0000105e                matrix_get_row
 .text.matrix_print
                0x0000106a        0x2 .build/obj_nanoslider_default/quantum/matrix.o
                0x0000106a                matrix_print
 .text.matrix_init
                0x0000106c       0x62 .build/obj_nanoslider_default/quantum/matrix.o
                0x0000106c                matrix_init
 .text.matrix_scan
                0x000010ce      0x11c .build/obj_nanoslider_default/quantum/matrix.o
                0x000010ce                matrix_scan
 .text.debounce_init
                0x000011ea        0x2 .build/obj_nanoslider_default/quantum/debounce/sym_g.o
                0x000011ea                debounce_init
 .text.debounce
                0x000011ec       0x6c .build/obj_nanoslider_default/quantum/debounce/sym_g.o
                0x000011ec                debounce
 .text.midi_task
                0x00001258        0x8 .build/obj_nanoslider_default/quantum/process_keycode/process_midi.o
                0x00001258                midi_task
 .text.hsv_to_rgb
                0x00001260      0x132 .build/obj_nanoslider_default/quantum/color.o
                0x00001260                hsv_to_rgb
 .text.rgblight_effect_dummy
                0x00001392        0x2 .build/obj_nanoslider_default/quantum/rgblight.o
 .text.sethsv_raw
                0x00001394       0x1c .build/obj_nanoslider_default/quantum/rgblight.o
                0x00001394                sethsv_raw
 .text.rgblight_check_config
                0x000013b0       0x26 .build/obj_nanoslider_default/quantum/rgblight.o
                0x000013b0                rgblight_check_config
 .text.eeconfig_read_rgblight
                0x000013d6        0x8 .build/obj_nanoslider_default/quantum/rgblight.o
                0x000013d6                eeconfig_read_rgblight
 .text.eeconfig_update_rgblight
                0x000013de       0x24 .build/obj_nanoslider_default/quantum/rgblight.o
                0x000013de                eeconfig_update_rgblight
 .text.eeconfig_update_rgblight_default
                0x00001402       0x1e .build/obj_nanoslider_default/quantum/rgblight.o
                0x00001402                eeconfig_update_rgblight_default
 .text.rgblight_get_mode
                0x00001420       0x10 .build/obj_nanoslider_default/quantum/rgblight.o
                0x00001420                rgblight_get_mode
 .text.rgblight_increase_speed
                0x00001430       0x22 .build/obj_nanoslider_default/quantum/rgblight.o
                0x00001430                rgblight_increase_speed
 .text.rgblight_decrease_speed
                0x00001452       0x22 .build/obj_nanoslider_default/quantum/rgblight.o
                0x00001452                rgblight_decrease_speed
 .text.rgblight_set
                0x00001474       0x4a .build/obj_nanoslider_default/quantum/rgblight.o
                0x00001474                rgblight_set
 .text.rgblight_setrgb
                0x000014be       0x36 .build/obj_nanoslider_default/quantum/rgblight.o
                0x000014be                rgblight_setrgb
 .text.rgblight_sethsv_noeeprom_old
                0x000014f4       0x34 .build/obj_nanoslider_default/quantum/rgblight.o
                0x000014f4                rgblight_sethsv_noeeprom_old
 .text.rgblight_effect_breathing
                0x00001528       0x28 .build/obj_nanoslider_default/quantum/rgblight.o
                0x00001528                rgblight_effect_breathing
 .text.rgblight_effect_rainbow_mood
                0x00001550       0x20 .build/obj_nanoslider_default/quantum/rgblight.o
                0x00001550                rgblight_effect_rainbow_mood
 .text.rgblight_effect_rgbtest
                0x00001570       0x80 .build/obj_nanoslider_default/quantum/rgblight.o
                0x00001570                rgblight_effect_rgbtest
 .text.rgblight_sethsv_eeprom_helper
                0x000015f0      0x122 .build/obj_nanoslider_default/quantum/rgblight.o
                0x000015f0                rgblight_sethsv_eeprom_helper
 .text.rgblight_increase_hue_helper
                0x00001712       0x14 .build/obj_nanoslider_default/quantum/rgblight.o
                0x00001712                rgblight_increase_hue_helper
 .text.rgblight_increase_hue
                0x00001726        0x6 .build/obj_nanoslider_default/quantum/rgblight.o
                0x00001726                rgblight_increase_hue
 .text.rgblight_decrease_hue_helper
                0x0000172c       0x14 .build/obj_nanoslider_default/quantum/rgblight.o
                0x0000172c                rgblight_decrease_hue_helper
 .text.rgblight_decrease_hue
                0x00001740        0x6 .build/obj_nanoslider_default/quantum/rgblight.o
                0x00001740                rgblight_decrease_hue
 .text.rgblight_increase_sat_helper
                0x00001746       0x18 .build/obj_nanoslider_default/quantum/rgblight.o
                0x00001746                rgblight_increase_sat_helper
 .text.rgblight_increase_sat
                0x0000175e        0x6 .build/obj_nanoslider_default/quantum/rgblight.o
                0x0000175e                rgblight_increase_sat
 .text.rgblight_decrease_sat_helper
                0x00001764       0x18 .build/obj_nanoslider_default/quantum/rgblight.o
                0x00001764                rgblight_decrease_sat_helper
 .text.rgblight_decrease_sat
                0x0000177c        0x6 .build/obj_nanoslider_default/quantum/rgblight.o
                0x0000177c                rgblight_decrease_sat
 .text.rgblight_increase_val_helper
                0x00001782       0x18 .build/obj_nanoslider_default/quantum/rgblight.o
                0x00001782                rgblight_increase_val_helper
 .text.rgblight_increase_val
                0x0000179a        0x6 .build/obj_nanoslider_default/quantum/rgblight.o
                0x0000179a                rgblight_increase_val
 .text.rgblight_decrease_val_helper
                0x000017a0       0x18 .build/obj_nanoslider_default/quantum/rgblight.o
                0x000017a0                rgblight_decrease_val_helper
 .text.rgblight_decrease_val
                0x000017b8        0x6 .build/obj_nanoslider_default/quantum/rgblight.o
                0x000017b8                rgblight_decrease_val
 .text.rgblight_sethsv_noeeprom
                0x000017be        0x6 .build/obj_nanoslider_default/quantum/rgblight.o
                0x000017be                rgblight_sethsv_noeeprom
 .text.rgblight_effect_rainbow_swirl
                0x000017c4       0x76 .build/obj_nanoslider_default/quantum/rgblight.o
                0x000017c4                rgblight_effect_rainbow_swirl
 .text.rgblight_effect_snake
                0x0000183a       0xe0 .build/obj_nanoslider_default/quantum/rgblight.o
                0x0000183a                rgblight_effect_snake
 .text.rgblight_effect_knight
                0x0000191a       0xe4 .build/obj_nanoslider_default/quantum/rgblight.o
                0x0000191a                rgblight_effect_knight
 .text.rgblight_effect_christmas
                0x000019fe       0x72 .build/obj_nanoslider_default/quantum/rgblight.o
                0x000019fe                rgblight_effect_christmas
 .text.rgblight_effect_alternating
                0x00001a70       0x7e .build/obj_nanoslider_default/quantum/rgblight.o
                0x00001a70                rgblight_effect_alternating
 .text.rgblight_disable
                0x00001aee       0x30 .build/obj_nanoslider_default/quantum/rgblight.o
                0x00001aee                rgblight_disable
 .text.rgblight_timer_enable
                0x00001b1e       0x2c .build/obj_nanoslider_default/quantum/rgblight.o
                0x00001b1e                rgblight_timer_enable
 .text.rgblight_mode_eeprom_helper
                0x00001b4a       0x74 .build/obj_nanoslider_default/quantum/rgblight.o
                0x00001b4a                rgblight_mode_eeprom_helper
 .text.rgblight_step_helper
                0x00001bbe       0x16 .build/obj_nanoslider_default/quantum/rgblight.o
                0x00001bbe                rgblight_step_helper
 .text.rgblight_step
                0x00001bd4        0x6 .build/obj_nanoslider_default/quantum/rgblight.o
                0x00001bd4                rgblight_step
 .text.rgblight_step_reverse_helper
                0x00001bda       0x14 .build/obj_nanoslider_default/quantum/rgblight.o
                0x00001bda                rgblight_step_reverse_helper
 .text.rgblight_step_reverse
                0x00001bee        0x6 .build/obj_nanoslider_default/quantum/rgblight.o
                0x00001bee                rgblight_step_reverse
 .text.rgblight_mode
                0x00001bf4        0x6 .build/obj_nanoslider_default/quantum/rgblight.o
                0x00001bf4                rgblight_mode
 .text.rgblight_enable
                0x00001bfa       0x10 .build/obj_nanoslider_default/quantum/rgblight.o
                0x00001bfa                rgblight_enable
 .text.rgblight_toggle
                0x00001c0a        0xe .build/obj_nanoslider_default/quantum/rgblight.o
                0x00001c0a                rgblight_toggle
 .text.rgblight_mode_noeeprom
                0x00001c18        0x6 .build/obj_nanoslider_default/quantum/rgblight.o
                0x00001c18                rgblight_mode_noeeprom
 .text.rgblight_init
                0x00001c1e       0x70 .build/obj_nanoslider_default/quantum/rgblight.o
                0x00001c1e                rgblight_init
 .text.rgblight_task
                0x00001c8e      0x134 .build/obj_nanoslider_default/quantum/rgblight.o
                0x00001c8e                rgblight_task
 .text.ws2812_sendarray_mask
                0x00001dc2       0x42 .build/obj_nanoslider_default/ws2812.o
                0x00001dc2                ws2812_sendarray_mask
 .text.ws2812_setleds_pin
                0x00001e04       0x22 .build/obj_nanoslider_default/ws2812.o
                0x00001e04                ws2812_setleds_pin
 .text.ws2812_setleds
                0x00001e26        0x6 .build/obj_nanoslider_default/ws2812.o
                0x00001e26                ws2812_setleds
 .text.perform_space_cadet
                0x00001e2c       0xe8 .build/obj_nanoslider_default/quantum/process_keycode/process_space_cadet.o
                0x00001e2c                perform_space_cadet
 .text.process_space_cadet
                0x00001f14       0x82 .build/obj_nanoslider_default/quantum/process_keycode/process_space_cadet.o
                0x00001f14                process_space_cadet
 .text.host_set_driver
                0x00001f96        0xa .build/obj_nanoslider_default/common/host.o
                0x00001f96                host_set_driver
 .text.host_keyboard_leds
                0x00001fa0       0x18 .build/obj_nanoslider_default/common/host.o
                0x00001fa0                host_keyboard_leds
 .text.host_keyboard_send
                0x00001fb8       0x34 .build/obj_nanoslider_default/common/host.o
                0x00001fb8                host_keyboard_send
 .text.host_system_send
                0x00001fec       0x2c .build/obj_nanoslider_default/common/host.o
                0x00001fec                host_system_send
 .text.host_consumer_send
                0x00002018       0x2c .build/obj_nanoslider_default/common/host.o
                0x00002018                host_consumer_send
 .text.disable_jtag
                0x00002044        0xe .build/obj_nanoslider_default/common/keyboard.o
                0x00002044                disable_jtag
 .text.keyboard_post_init_user
                0x00002052        0x2 .build/obj_nanoslider_default/common/keyboard.o
                0x00002052                keyboard_post_init_user
 .text.keyboard_pre_init_user
                0x00002054        0x4 .build/obj_nanoslider_default/common/keyboard.o
                0x00002054                keyboard_pre_init_user
 .text.keyboard_pre_init_kb
                0x00002058        0x4 .build/obj_nanoslider_default/common/keyboard.o
                0x00002058                keyboard_pre_init_kb
 .text.matrix_setup
                0x0000205c        0x4 .build/obj_nanoslider_default/common/keyboard.o
                0x0000205c                matrix_setup
 .text.keyboard_post_init_kb
                0x00002060        0x4 .build/obj_nanoslider_default/common/keyboard.o
                0x00002060                keyboard_post_init_kb
 .text.keyboard_setup
                0x00002064        0xc .build/obj_nanoslider_default/common/keyboard.o
                0x00002064                keyboard_setup
 .text.is_keyboard_master
                0x00002070        0x4 .build/obj_nanoslider_default/common/keyboard.o
                0x00002070                is_keyboard_master
 .text.keyboard_init
                0x00002074       0x14 .build/obj_nanoslider_default/common/keyboard.o
                0x00002074                keyboard_init
 .text.keyboard_task
                0x00002088      0x152 .build/obj_nanoslider_default/common/keyboard.o
                0x00002088                keyboard_task
 .text.action_exec
                0x000021da       0x5c .build/obj_nanoslider_default/common/action.o
                0x000021da                action_exec
 .text.process_record_tap_hint
                0x00002236        0xc .build/obj_nanoslider_default/common/action.o
                0x00002236                process_record_tap_hint
 .text.register_code
                0x00002242      0x22e .build/obj_nanoslider_default/common/action.o
                0x00002242                register_code
 .text.unregister_code
                0x00002470       0xbe .build/obj_nanoslider_default/common/action.o
                0x00002470                unregister_code
 .text.tap_code
                0x0000252e       0x26 .build/obj_nanoslider_default/common/action.o
                0x0000252e                tap_code
 .text.register_mods
                0x00002554        0xe .build/obj_nanoslider_default/common/action.o
                0x00002554                register_mods
 .text.unregister_mods
                0x00002562        0xe .build/obj_nanoslider_default/common/action.o
                0x00002562                unregister_mods
 .text.process_action
                0x00002570      0x428 .build/obj_nanoslider_default/common/action.o
                0x00002570                process_action
 .text.process_record
                0x00002998       0x5c .build/obj_nanoslider_default/common/action.o
                0x00002998                process_record
 .text.clear_keyboard_but_mods_and_keys
                0x000029f4       0x1c .build/obj_nanoslider_default/common/action.o
                0x000029f4                clear_keyboard_but_mods_and_keys
 .text.clear_keyboard_but_mods
                0x00002a10       0x10 .build/obj_nanoslider_default/common/action.o
                0x00002a10                clear_keyboard_but_mods
 .text.clear_keyboard
                0x00002a20        0x8 .build/obj_nanoslider_default/common/action.o
                0x00002a20                clear_keyboard
 .text.is_tap_action
                0x00002a28       0x48 .build/obj_nanoslider_default/common/action.o
                0x00002a28                is_tap_action
 .text.is_tap_key
                0x00002a70        0xa .build/obj_nanoslider_default/common/action.o
                0x00002a70                is_tap_key
 .text.debug_event
                0x00002a7a       0x1e .build/obj_nanoslider_default/common/action.o
                0x00002a7a                debug_event
 .text.debug_record
                0x00002a98       0x20 .build/obj_nanoslider_default/common/action.o
                0x00002a98                debug_record
 .text.debug_waiting_buffer
                0x00002ab8       0x42 .build/obj_nanoslider_default/common/action_tapping.o
 .text.debug_tapping_key
                0x00002afa       0x1c .build/obj_nanoslider_default/common/action_tapping.o
 .text.waiting_buffer_scan_tap
                0x00002b16       0xd0 .build/obj_nanoslider_default/common/action_tapping.o
 .text.process_tapping
                0x00002be6      0x3da .build/obj_nanoslider_default/common/action_tapping.o
 .text.action_tapping_process
                0x00002fc0      0x15c .build/obj_nanoslider_default/common/action_tapping.o
                0x00002fc0                action_tapping_process
 .text.action_macro_play
                0x0000311c       0xfa .build/obj_nanoslider_default/common/action_macro.o
                0x0000311c                action_macro_play
 .text.default_layer_debug
                0x00003216        0x2 .build/obj_nanoslider_default/common/action_layer.o
                0x00003216                default_layer_debug
 .text.layer_state_set_user
                0x00003218        0x2 .build/obj_nanoslider_default/common/action_layer.o
                0x00003218                layer_state_set_user
 .text.default_layer_state_set_user
                0x0000321a        0x4 .build/obj_nanoslider_default/common/action_layer.o
                0x0000321a                default_layer_state_set_user
 .text.default_layer_state_set_kb
                0x0000321e        0x4 .build/obj_nanoslider_default/common/action_layer.o
                0x0000321e                default_layer_state_set_kb
 .text.default_layer_state_set
                0x00003222       0x18 .build/obj_nanoslider_default/common/action_layer.o
 .text.default_layer_set
                0x0000323a        0x4 .build/obj_nanoslider_default/common/action_layer.o
                0x0000323a                default_layer_set
 .text.default_layer_or
                0x0000323e       0x24 .build/obj_nanoslider_default/common/action_layer.o
                0x0000323e                default_layer_or
 .text.default_layer_and
                0x00003262       0x24 .build/obj_nanoslider_default/common/action_layer.o
                0x00003262                default_layer_and
 .text.default_layer_xor
                0x00003286       0x24 .build/obj_nanoslider_default/common/action_layer.o
                0x00003286                default_layer_xor
 .text.layer_state_set_kb
                0x000032aa        0x4 .build/obj_nanoslider_default/common/action_layer.o
                0x000032aa                layer_state_set_kb
 .text.layer_state_set
                0x000032ae       0x18 .build/obj_nanoslider_default/common/action_layer.o
                0x000032ae                layer_state_set
 .text.layer_clear
                0x000032c6        0xa .build/obj_nanoslider_default/common/action_layer.o
                0x000032c6                layer_clear
 .text.layer_move
                0x000032d0       0x2a .build/obj_nanoslider_default/common/action_layer.o
                0x000032d0                layer_move
 .text.layer_on
                0x000032fa       0x42 .build/obj_nanoslider_default/common/action_layer.o
                0x000032fa                layer_on
 .text.layer_off
                0x0000333c       0x4a .build/obj_nanoslider_default/common/action_layer.o
                0x0000333c                layer_off
 .text.layer_invert
                0x00003386       0x42 .build/obj_nanoslider_default/common/action_layer.o
                0x00003386                layer_invert
 .text.layer_or
                0x000033c8       0x24 .build/obj_nanoslider_default/common/action_layer.o
                0x000033c8                layer_or
 .text.layer_and
                0x000033ec       0x24 .build/obj_nanoslider_default/common/action_layer.o
                0x000033ec                layer_and
 .text.layer_xor
                0x00003410       0x24 .build/obj_nanoslider_default/common/action_layer.o
                0x00003410                layer_xor
 .text.layer_debug
                0x00003434        0x2 .build/obj_nanoslider_default/common/action_layer.o
                0x00003434                layer_debug
 .text.update_source_layers_cache
                0x00003436       0x54 .build/obj_nanoslider_default/common/action_layer.o
                0x00003436                update_source_layers_cache
 .text.read_source_layers_cache
                0x0000348a       0x56 .build/obj_nanoslider_default/common/action_layer.o
                0x0000348a                read_source_layers_cache
 .text.layer_switch_get_layer
                0x000034e0       0x84 .build/obj_nanoslider_default/common/action_layer.o
                0x000034e0                layer_switch_get_layer
 .text.layer_switch_get_action
                0x00003564       0x16 .build/obj_nanoslider_default/common/action_layer.o
                0x00003564                layer_switch_get_action
 .text.store_or_get_action
                0x0000357a       0x46 .build/obj_nanoslider_default/common/action_layer.o
                0x0000357a                store_or_get_action
 .text.get_oneshot_layer
                0x000035c0        0xc .build/obj_nanoslider_default/common/action_util.o
                0x000035c0                get_oneshot_layer
 .text.get_oneshot_layer_state
                0x000035cc        0x8 .build/obj_nanoslider_default/common/action_util.o
                0x000035cc                get_oneshot_layer_state
 .text.is_oneshot_layer_active
                0x000035d4        0xe .build/obj_nanoslider_default/common/action_util.o
                0x000035d4                is_oneshot_layer_active
 .text.get_mods
                0x000035e2        0x6 .build/obj_nanoslider_default/common/action_util.o
                0x000035e2                get_mods
 .text.add_mods
                0x000035e8        0xc .build/obj_nanoslider_default/common/action_util.o
                0x000035e8                add_mods
 .text.del_mods
                0x000035f4        0xe .build/obj_nanoslider_default/common/action_util.o
                0x000035f4                del_mods
 .text.clear_mods
                0x00003602        0x6 .build/obj_nanoslider_default/common/action_util.o
                0x00003602                clear_mods
 .text.add_weak_mods
                0x00003608        0xc .build/obj_nanoslider_default/common/action_util.o
                0x00003608                add_weak_mods
 .text.del_weak_mods
                0x00003614        0xe .build/obj_nanoslider_default/common/action_util.o
                0x00003614                del_weak_mods
 .text.clear_weak_mods
                0x00003622        0x6 .build/obj_nanoslider_default/common/action_util.o
                0x00003622                clear_weak_mods
 .text.add_macro_mods
                0x00003628        0xc .build/obj_nanoslider_default/common/action_util.o
                0x00003628                add_macro_mods
 .text.del_macro_mods
                0x00003634        0xe .build/obj_nanoslider_default/common/action_util.o
                0x00003634                del_macro_mods
 .text.clear_macro_mods
                0x00003642        0x6 .build/obj_nanoslider_default/common/action_util.o
                0x00003642                clear_macro_mods
 .text.get_oneshot_mods
                0x00003648        0x6 .build/obj_nanoslider_default/common/action_util.o
                0x00003648                get_oneshot_mods
 .text.oneshot_layer_changed_user
                0x0000364e        0x2 .build/obj_nanoslider_default/common/action_util.o
                0x0000364e                oneshot_layer_changed_user
 .text.oneshot_mods_changed_user
                0x00003650        0x4 .build/obj_nanoslider_default/common/action_util.o
                0x00003650                oneshot_mods_changed_user
 .text.oneshot_mods_changed_kb
                0x00003654        0x4 .build/obj_nanoslider_default/common/action_util.o
                0x00003654                oneshot_mods_changed_kb
 .text.set_oneshot_mods
                0x00003658       0x12 .build/obj_nanoslider_default/common/action_util.o
                0x00003658                set_oneshot_mods
 .text.clear_oneshot_mods
                0x0000366a       0x14 .build/obj_nanoslider_default/common/action_util.o
                0x0000366a                clear_oneshot_mods
 .text.send_keyboard_report
                0x0000367e       0x66 .build/obj_nanoslider_default/common/action_util.o
                0x0000367e                send_keyboard_report
 .text.oneshot_layer_changed_kb
                0x000036e4        0x4 .build/obj_nanoslider_default/common/action_util.o
                0x000036e4                oneshot_layer_changed_kb
 .text.set_oneshot_layer
                0x000036e8       0x20 .build/obj_nanoslider_default/common/action_util.o
                0x000036e8                set_oneshot_layer
 .text.reset_oneshot_layer
                0x00003708        0xa .build/obj_nanoslider_default/common/action_util.o
                0x00003708                reset_oneshot_layer
 .text.clear_oneshot_layer_state
                0x00003712       0x32 .build/obj_nanoslider_default/common/action_util.o
                0x00003712                clear_oneshot_layer_state
 .text.eeconfig_is_enabled
                0x00003744       0x16 .build/obj_nanoslider_default/common/eeconfig.o
                0x00003744                eeconfig_is_enabled
 .text.eeconfig_read_debug
                0x0000375a        0x8 .build/obj_nanoslider_default/common/eeconfig.o
                0x0000375a                eeconfig_read_debug
 .text.eeconfig_read_default_layer
                0x00003762        0x8 .build/obj_nanoslider_default/common/eeconfig.o
                0x00003762                eeconfig_read_default_layer
 .text.eeconfig_read_keymap
                0x0000376a        0x8 .build/obj_nanoslider_default/common/eeconfig.o
                0x0000376a                eeconfig_read_keymap
 .text.eeconfig_update_keymap
                0x00003772        0xa .build/obj_nanoslider_default/common/eeconfig.o
                0x00003772                eeconfig_update_keymap
 .text.eeconfig_update_kb
                0x0000377c        0xc .build/obj_nanoslider_default/common/eeconfig.o
                0x0000377c                eeconfig_update_kb
 .text.eeconfig_update_user
                0x00003788        0xc .build/obj_nanoslider_default/common/eeconfig.o
                0x00003788                eeconfig_update_user
 .text.eeconfig_init_user
                0x00003794        0xa .build/obj_nanoslider_default/common/eeconfig.o
                0x00003794                eeconfig_init_user
 .text.eeconfig_init_kb
                0x0000379e        0xe .build/obj_nanoslider_default/common/eeconfig.o
                0x0000379e                eeconfig_init_kb
 .text.eeconfig_init_quantum
                0x000037ac       0x8c .build/obj_nanoslider_default/common/eeconfig.o
                0x000037ac                eeconfig_init_quantum
 .text.eeconfig_init
                0x00003838        0x4 .build/obj_nanoslider_default/common/eeconfig.o
                0x00003838                eeconfig_init
 .text.has_anykey
                0x0000383c       0x2c .build/obj_nanoslider_default/common/report.o
                0x0000383c                has_anykey
 .text.add_key_byte
                0x00003868       0x34 .build/obj_nanoslider_default/common/report.o
                0x00003868                add_key_byte
 .text.del_key_byte
                0x0000389c       0x1a .build/obj_nanoslider_default/common/report.o
                0x0000389c                del_key_byte
 .text.add_key_bit
                0x000038b6       0x28 .build/obj_nanoslider_default/common/report.o
                0x000038b6                add_key_bit
 .text.del_key_bit
                0x000038de       0x2a .build/obj_nanoslider_default/common/report.o
                0x000038de                del_key_bit
 .text.add_key_to_report
                0x00003908       0x16 .build/obj_nanoslider_default/common/report.o
                0x00003908                add_key_to_report
 .text.del_key_from_report
                0x0000391e       0x16 .build/obj_nanoslider_default/common/report.o
                0x0000391e                del_key_from_report
 .text.clear_keys_from_report
                0x00003934       0x24 .build/obj_nanoslider_default/common/report.o
                0x00003934                clear_keys_from_report
 .text.suspend_wakeup_init_user
                0x00003958        0x2 .build/obj_nanoslider_default/common/avr/suspend.o
                0x00003958                suspend_wakeup_init_user
 .text.suspend_wakeup_init_kb
                0x0000395a        0x4 .build/obj_nanoslider_default/common/avr/suspend.o
                0x0000395a                suspend_wakeup_init_kb
 .text.suspend_wakeup_init
                0x0000395e       0x10 .build/obj_nanoslider_default/common/avr/suspend.o
                0x0000395e                suspend_wakeup_init
 .text.__vector_12
                0x0000396e       0x52 .build/obj_nanoslider_default/common/avr/suspend.o
                0x0000396e                __vector_12
 .text.timer_init
                0x000039c0       0x12 .build/obj_nanoslider_default/common/avr/timer.o
                0x000039c0                timer_init
 .text.timer_read
                0x000039d2       0x18 .build/obj_nanoslider_default/common/avr/timer.o
                0x000039d2                timer_read
 .text.timer_elapsed
                0x000039ea       0x54 .build/obj_nanoslider_default/common/avr/timer.o
                0x000039ea                timer_elapsed
 .text.__vector_21
                0x00003a3e       0x4c .build/obj_nanoslider_default/common/avr/timer.o
                0x00003a3e                __vector_21
 .text.bootloader_jump
                0x00003a8a       0x48 .build/obj_nanoslider_default/common/avr/bootloader.o
                0x00003a8a                bootloader_jump
 .text.magic    0x00003ad2       0x32 .build/obj_nanoslider_default/common/magic.o
                0x00003ad2                magic
 .text.midi_is_statusbyte
                0x00003b04        0x8 .build/obj_nanoslider_default/midi.o
                0x00003b04                midi_is_statusbyte
 .text.midi_is_realtime
                0x00003b0c        0xc .build/obj_nanoslider_default/midi.o
                0x00003b0c                midi_is_realtime
 .text.midi_packet_length
                0x00003b18       0x4c .build/obj_nanoslider_default/midi.o
                0x00003b18                midi_packet_length
 .text.midi_register_cc_callback
                0x00003b64        0x8 .build/obj_nanoslider_default/midi.o
                0x00003b64                midi_register_cc_callback
 .text.midi_register_fallthrough_callback
                0x00003b6c        0x8 .build/obj_nanoslider_default/midi.o
                0x00003b6c                midi_register_fallthrough_callback
 .text.midi_device_init
                0x00003b74       0x62 .build/obj_nanoslider_default/midi_device.o
                0x00003b74                midi_device_init
 .text.midi_device_input
                0x00003bd6       0x38 .build/obj_nanoslider_default/midi_device.o
                0x00003bd6                midi_device_input
 .text.midi_device_set_send_func
                0x00003c0e        0x8 .build/obj_nanoslider_default/midi_device.o
                0x00003c0e                midi_device_set_send_func
 .text.midi_device_set_pre_input_process_func
                0x00003c16        0x8 .build/obj_nanoslider_default/midi_device.o
                0x00003c16                midi_device_set_pre_input_process_func
 .text.midi_input_callbacks
                0x00003c1e      0x214 .build/obj_nanoslider_default/midi_device.o
                0x00003c1e                midi_input_callbacks
 .text.midi_process_byte
                0x00003e32      0x11e .build/obj_nanoslider_default/midi_device.o
                0x00003e32                midi_process_byte
 .text.midi_device_process
                0x00003f50       0x6a .build/obj_nanoslider_default/midi_device.o
                0x00003f50                midi_device_process
 .text.bytequeue_init
                0x00003fba        0xe .build/obj_nanoslider_default/bytequeue/bytequeue.o
                0x00003fba                bytequeue_init
 .text.bytequeue_enqueue
                0x00003fc8       0x60 .build/obj_nanoslider_default/bytequeue/bytequeue.o
                0x00003fc8                bytequeue_enqueue
 .text.bytequeue_length
                0x00004028       0x2c .build/obj_nanoslider_default/bytequeue/bytequeue.o
                0x00004028                bytequeue_length
 .text.bytequeue_get
                0x00004054       0x22 .build/obj_nanoslider_default/bytequeue/bytequeue.o
                0x00004054                bytequeue_get
 .text.bytequeue_remove
                0x00004076       0x30 .build/obj_nanoslider_default/bytequeue/bytequeue.o
                0x00004076                bytequeue_remove
 .text.store_and_clear_interrupt
                0x000040a6        0x6 .build/obj_nanoslider_default/bytequeue/interrupt_setting.o
                0x000040a6                store_and_clear_interrupt
 .text.restore_interrupt_setting
                0x000040ac        0x4 .build/obj_nanoslider_default/bytequeue/interrupt_setting.o
                0x000040ac                restore_interrupt_setting
 .text.fallthrough_callback
                0x000040b0        0x2 .build/obj_nanoslider_default/qmk_midi.o
 .text.cc_callback
                0x000040b2        0x2 .build/obj_nanoslider_default/qmk_midi.o
 .text.usb_get_midi
                0x000040b4       0x7e .build/obj_nanoslider_default/qmk_midi.o
 .text.usb_send_func
                0x00004132       0x8a .build/obj_nanoslider_default/qmk_midi.o
 .text.setup_midi
                0x000041bc       0x38 .build/obj_nanoslider_default/qmk_midi.o
                0x000041bc                setup_midi
 .text.MIDI_Device_SendEventPacket
                0x000041f4       0x46 .build/obj_nanoslider_default/lib/lufa/LUFA/Drivers/USB/Class/Device/MIDIClassDevice.o
                0x000041f4                MIDI_Device_SendEventPacket
 .text.MIDI_Device_Flush
                0x0000423a       0x38 .build/obj_nanoslider_default/lib/lufa/LUFA/Drivers/USB/Class/Device/MIDIClassDevice.o
                0x0000423a                MIDI_Device_Flush
 .text.MIDI_Device_USBTask
                0x00004272       0x22 .build/obj_nanoslider_default/lib/lufa/LUFA/Drivers/USB/Class/Device/MIDIClassDevice.o
                0x00004272                MIDI_Device_USBTask
 .text.MIDI_Device_ReceiveEventPacket
                0x00004294       0x4a .build/obj_nanoslider_default/lib/lufa/LUFA/Drivers/USB/Class/Device/MIDIClassDevice.o
                0x00004294                MIDI_Device_ReceiveEventPacket
 .text.keyboard_leds
                0x000042de        0x6 .build/obj_nanoslider_default/lufa.o
 .text.send_mouse
                0x000042e4        0x2 .build/obj_nanoslider_default/lufa.o
 .text.send_consumer
                0x000042e6       0x76 .build/obj_nanoslider_default/lufa.o
 .text.send_system
                0x0000435c       0x6c .build/obj_nanoslider_default/lufa.o
 .text.send_keyboard
                0x000043c8       0x8e .build/obj_nanoslider_default/lufa.o
 .text.EVENT_USB_Device_Connect
                0x00004456       0x1c .build/obj_nanoslider_default/lufa.o
                0x00004456                EVENT_USB_Device_Connect
 .text.EVENT_USB_Device_Disconnect
                0x00004472        0x6 .build/obj_nanoslider_default/lufa.o
                0x00004472                EVENT_USB_Device_Disconnect
 .text.EVENT_USB_Device_Reset
                0x00004478        0x2 .build/obj_nanoslider_default/lufa.o
                0x00004478                EVENT_USB_Device_Reset
 .text.EVENT_USB_Device_Suspend
                0x0000447a        0x2 .build/obj_nanoslider_default/lufa.o
                0x0000447a                EVENT_USB_Device_Suspend
 .text.EVENT_USB_Device_WakeUp
                0x0000447c        0x4 .build/obj_nanoslider_default/lufa.o
                0x0000447c                EVENT_USB_Device_WakeUp
 .text.EVENT_USB_Device_ConfigurationChanged
                0x00004480       0x28 .build/obj_nanoslider_default/lufa.o
                0x00004480                EVENT_USB_Device_ConfigurationChanged
 .text.EVENT_USB_Device_ControlRequest
                0x000044a8      0x17a .build/obj_nanoslider_default/lufa.o
                0x000044a8                EVENT_USB_Device_ControlRequest
 .text.send_midi_packet
                0x00004622        0xa .build/obj_nanoslider_default/lufa.o
                0x00004622                send_midi_packet
 .text.recv_midi_packet
                0x0000462c        0xa .build/obj_nanoslider_default/lufa.o
                0x0000462c                recv_midi_packet
 .text.Init_ADC1
                0x00004636       0x20 .build/obj_nanoslider_default/lufa.o
                0x00004636                Init_ADC1
 .text.AMP_calculator
                0x00004656       0x26 .build/obj_nanoslider_default/lufa.o
                0x00004656                AMP_calculator
 .text.CALLBACK_USB_GetDescriptor
                0x0000467c        0x4 .build/obj_nanoslider_default/lufa.o
                0x0000467c                CALLBACK_USB_GetDescriptor
 .text.CheckJoystickMovement
                0x00004680       0x46 .build/obj_nanoslider_default/lufa.o
                0x00004680                CheckJoystickMovement
 .text.startup.main
                0x000046c6       0x78 .build/obj_nanoslider_default/lufa.o
                0x000046c6                main
 .text.get_usb_descriptor
                0x0000473e       0xbe .build/obj_nanoslider_default/usb_descriptor.o
                0x0000473e                get_usb_descriptor
 .text.set_output_user
                0x000047fc        0x2 .build/obj_nanoslider_default/outputselect.o
                0x000047fc                set_output_user
 .text.set_output
                0x000047fe       0x10 .build/obj_nanoslider_default/outputselect.o
                0x000047fe                set_output
 .text.auto_detect_output
                0x0000480e       0x10 .build/obj_nanoslider_default/outputselect.o
                0x0000480e                auto_detect_output
 .text.where_to_send
                0x0000481e        0xe .build/obj_nanoslider_default/outputselect.o
                0x0000481e                where_to_send
 .text.Endpoint_Write_Stream_LE
                0x0000482c       0x96 .build/obj_nanoslider_default/lib/lufa/LUFA/Drivers/USB/Core/AVR8/EndpointStream_AVR8.o
                0x0000482c                Endpoint_Write_Stream_LE
 .text.Endpoint_Read_Stream_LE
                0x000048c2       0x96 .build/obj_nanoslider_default/lib/lufa/LUFA/Drivers/USB/Core/AVR8/EndpointStream_AVR8.o
                0x000048c2                Endpoint_Read_Stream_LE
 .text.Endpoint_Write_Control_Stream_LE
                0x00004958       0xbc .build/obj_nanoslider_default/lib/lufa/LUFA/Drivers/USB/Core/AVR8/EndpointStream_AVR8.o
                0x00004958                Endpoint_Write_Control_Stream_LE
 .text.Endpoint_Write_Control_PStream_LE
                0x00004a14       0xc2 .build/obj_nanoslider_default/lib/lufa/LUFA/Drivers/USB/Core/AVR8/EndpointStream_AVR8.o
                0x00004a14                Endpoint_Write_Control_PStream_LE
 .text.Endpoint_ConfigureEndpoint_Prv
                0x00004ad6       0x6a .build/obj_nanoslider_default/lib/lufa/LUFA/Drivers/USB/Core/AVR8/Endpoint_AVR8.o
                0x00004ad6                Endpoint_ConfigureEndpoint_Prv
 .text.Endpoint_ClearStatusStage
                0x00004b40       0x3e .build/obj_nanoslider_default/lib/lufa/LUFA/Drivers/USB/Core/AVR8/Endpoint_AVR8.o
                0x00004b40                Endpoint_ClearStatusStage
 .text.Endpoint_WaitUntilReady
                0x00004b7e       0x66 .build/obj_nanoslider_default/lib/lufa/LUFA/Drivers/USB/Core/AVR8/Endpoint_AVR8.o
                0x00004b7e                Endpoint_WaitUntilReady
 .text.USB_Disable
                0x00004be4       0x34 .build/obj_nanoslider_default/lib/lufa/LUFA/Drivers/USB/Core/AVR8/USBController_AVR8.o
                0x00004be4                USB_Disable
 .text.USB_ResetInterface
                0x00004c18       0x86 .build/obj_nanoslider_default/lib/lufa/LUFA/Drivers/USB/Core/AVR8/USBController_AVR8.o
                0x00004c18                USB_ResetInterface
 .text.USB_Init
                0x00004c9e       0x22 .build/obj_nanoslider_default/lib/lufa/LUFA/Drivers/USB/Core/AVR8/USBController_AVR8.o
                0x00004c9e                USB_Init
 .text.USB_INT_DisableAllInterrupts
                0x00004cc0       0x10 .build/obj_nanoslider_default/lib/lufa/LUFA/Drivers/USB/Core/AVR8/USBInterrupt_AVR8.o
                0x00004cc0                USB_INT_DisableAllInterrupts
 .text.USB_INT_ClearAllInterrupts
                0x00004cd0        0xa .build/obj_nanoslider_default/lib/lufa/LUFA/Drivers/USB/Core/AVR8/USBInterrupt_AVR8.o
                0x00004cd0                USB_INT_ClearAllInterrupts
 .text.__vector_10
                0x00004cda      0x1a4 .build/obj_nanoslider_default/lib/lufa/LUFA/Drivers/USB/Core/AVR8/USBInterrupt_AVR8.o
                0x00004cda                __vector_10
 .text.__vector_11
                0x00004e7e       0x88 .build/obj_nanoslider_default/lib/lufa/LUFA/Drivers/USB/Core/AVR8/USBInterrupt_AVR8.o
                0x00004e7e                __vector_11
 .text.USB_Device_ProcessControlRequest
                0x00004f06      0x2c0 .build/obj_nanoslider_default/lib/lufa/LUFA/Drivers/USB/Core/DeviceStandardReq.o
                0x00004f06                USB_Device_ProcessControlRequest
 .text.USB_Event_Stub
                0x000051c6        0x2 .build/obj_nanoslider_default/lib/lufa/LUFA/Drivers/USB/Core/Events.o
                0x000051c6                EVENT_USB_Device_StartOfFrame
                0x000051c6                USB_Event_Stub
 .text.USB_USBTask
                0x000051c8       0x36 .build/obj_nanoslider_default/lib/lufa/LUFA/Drivers/USB/Core/USBTask.o
                0x000051c8                USB_USBTask
 .text.libgcc.div
                0x000051fe       0x28 d:/program files/msys2/home/bnguy/qmk_utils/avr8-gnu-toolchain/bin/../lib/gcc/avr/5.4.0/avr5\libgcc.a(_udivmodhi4.o)
                0x000051fe                __udivmodhi4
 .text.libgcc.div
                0x00005226       0x28 d:/program files/msys2/home/bnguy/qmk_utils/avr8-gnu-toolchain/bin/../lib/gcc/avr/5.4.0/avr5\libgcc.a(_divmodhi4.o)
                0x00005226                _div
                0x00005226                __divmodhi4
 .text.libgcc   0x0000524e        0xc d:/program files/msys2/home/bnguy/qmk_utils/avr8-gnu-toolchain/bin/../lib/gcc/avr/5.4.0/avr5\libgcc.a(_tablejump2.o)
                0x0000524e                __tablejump2__
 .text.avr-libc
                0x0000525a       0x1a d:/program files/msys2/home/bnguy/qmk_utils/avr8-gnu-toolchain/bin/../lib/gcc/avr/5.4.0/../../../../avr/lib/avr5\libc.a(memchr.o)
                0x0000525a                memchr
 .text.avr-libc
                0x00005274       0x10 d:/program files/msys2/home/bnguy/qmk_utils/avr8-gnu-toolchain/bin/../lib/gcc/avr/5.4.0/../../../../avr/lib/avr5\libatmega32u4.a(eerd_byte.o)
                0x00005274                eeprom_read_byte
 .text.avr-libc
                0x00005284        0xc d:/program files/msys2/home/bnguy/qmk_utils/avr8-gnu-toolchain/bin/../lib/gcc/avr/5.4.0/../../../../avr/lib/avr5\libatmega32u4.a(eerd_dword.o)
                0x00005284                eeprom_read_float
                0x00005284                eeprom_read_dword
 .text.avr-libc
                0x00005290        0xc d:/program files/msys2/home/bnguy/qmk_utils/avr8-gnu-toolchain/bin/../lib/gcc/avr/5.4.0/../../../../avr/lib/avr5\libatmega32u4.a(eerd_word.o)
                0x00005290                eeprom_read_word
 .text.avr-libc
                0x0000529c       0x24 d:/program files/msys2/home/bnguy/qmk_utils/avr8-gnu-toolchain/bin/../lib/gcc/avr/5.4.0/../../../../avr/lib/avr5\libatmega32u4.a(eeupd_byte.o)
                0x0000529c                eeprom_update_byte
                0x0000529e                eeprom_update_r18
 .text.avr-libc
                0x000052c0       0x18 d:/program files/msys2/home/bnguy/qmk_utils/avr8-gnu-toolchain/bin/../lib/gcc/avr/5.4.0/../../../../avr/lib/avr5\libatmega32u4.a(eeupd_dword.o)
                0x000052c0                eeprom_update_float
                0x000052c0                eeprom_update_dword
 .text.avr-libc
                0x000052d8        0xc d:/program files/msys2/home/bnguy/qmk_utils/avr8-gnu-toolchain/bin/../lib/gcc/avr/5.4.0/../../../../avr/lib/avr5\libatmega32u4.a(eeupd_word.o)
                0x000052d8                eeprom_update_word
 .text.avr-libc
                0x000052e4       0x20 d:/program files/msys2/home/bnguy/qmk_utils/avr8-gnu-toolchain/bin/../lib/gcc/avr/5.4.0/../../../../avr/lib/avr5\libatmega32u4.a(eerd_block.o)
                0x000052e4                eeprom_read_block
                0x000052e8                eeprom_read_blraw
                0x00005304                . = ALIGN (0x2)
 *(.fini9)
 .fini9         0x00005304        0x0 d:/program files/msys2/home/bnguy/qmk_utils/avr8-gnu-toolchain/bin/../lib/gcc/avr/5.4.0/avr5\libgcc.a(_exit.o)
                0x00005304                _exit
                0x00005304                exit
 *(.fini9)
 *(.fini8)
 *(.fini8)
 *(.fini7)
 *(.fini7)
 *(.fini6)
 *(.fini6)
 *(.fini5)
 *(.fini5)
 *(.fini4)
 *(.fini4)
 *(.fini3)
 *(.fini3)
 *(.fini2)
 *(.fini2)
 *(.fini1)
 *(.fini1)
 *(.fini0)
 .fini0         0x00005304        0x4 d:/program files/msys2/home/bnguy/qmk_utils/avr8-gnu-toolchain/bin/../lib/gcc/avr/5.4.0/avr5\libgcc.a(_exit.o)
 *(.fini0)
                0x00005308                _etext = .

.data           0x00800100       0x64 load address 0x00005308
                0x00800100                PROVIDE (__data_start, .)
 *(.data)
 *(.data*)
 .data.increment.3261
                0x00800100        0x1 .build/obj_nanoslider_default/quantum/rgblight.o
 .data.high_bound.3260
                0x00800101        0x1 .build/obj_nanoslider_default/quantum/rgblight.o
 .data.effect_num_leds
                0x00800102        0x1 .build/obj_nanoslider_default/quantum/rgblight.o
 .data.effect_end_pos
                0x00800103        0x1 .build/obj_nanoslider_default/quantum/rgblight.o
 .data.clipping_num_leds
                0x00800104        0x1 .build/obj_nanoslider_default/quantum/rgblight.o
 .data.static_effect_table
                0x00800105        0xb .build/obj_nanoslider_default/quantum/rgblight.o
 .data.keyboard_report
                0x00800110        0x2 .build/obj_nanoslider_default/common/action_util.o
                0x00800110                keyboard_report
 .data.USB_MIDI_Interface
                0x00800112        0xc .build/obj_nanoslider_default/lufa.o
                0x00800112                USB_MIDI_Interface
 .data.lufa_driver
                0x0080011e        0xa .build/obj_nanoslider_default/lufa.o
                0x0080011e                lufa_driver
 .data.keyboard_protocol
                0x00800128        0x1 .build/obj_nanoslider_default/lufa.o
                0x00800128                keyboard_protocol
 *(.gnu.linkonce.d*)
 *(.rodata)
 *(.rodata*)
 .rodata.col_pins
                0x00800129        0x4 .build/obj_nanoslider_default/quantum/matrix.o
 .rodata.row_pins
                0x0080012d        0x2 .build/obj_nanoslider_default/quantum/matrix.o
 .rodata.mode_base_table
                0x0080012f       0x25 .build/obj_nanoslider_default/quantum/rgblight.o
 .rodata.CSWTCH.11
                0x00800154        0xf .build/obj_nanoslider_default/midi.o
 *(.gnu.linkonce.r*)
                0x00800164                . = ALIGN (0x2)
 *fill*         0x00800163        0x1 
                0x00800164                _edata = .
                0x00800164                PROVIDE (__data_end, .)

.bss            0x00800164      0x1c3
                0x00800164                PROVIDE (__bss_start, .)
 *(.bss)
 *(.bss*)
 .bss.grave_esc_was_shifted
                0x00800164        0x1 .build/obj_nanoslider_default/quantum/quantum.o
 .bss.matrix    0x00800165        0x2 .build/obj_nanoslider_default/quantum/matrix.o
 .bss.raw_matrix
                0x00800167        0x2 .build/obj_nanoslider_default/quantum/matrix.o
 .bss.debouncing_time
                0x00800169        0x2 .build/obj_nanoslider_default/quantum/debounce/sym_g.o
 .bss.debouncing
                0x0080016b        0x1 .build/obj_nanoslider_default/quantum/debounce/sym_g.o
 .bss.maxval.3282
                0x0080016c        0x1 .build/obj_nanoslider_default/quantum/rgblight.o
 .bss.low_bound.3259
                0x0080016d        0x1 .build/obj_nanoslider_default/quantum/rgblight.o
 .bss.pos.3243  0x0080016e        0x1 .build/obj_nanoslider_default/quantum/rgblight.o
 .bss.effect_start_pos
                0x0080016f        0x1 .build/obj_nanoslider_default/quantum/rgblight.o
 .bss.clipping_start_pos
                0x00800170        0x1 .build/obj_nanoslider_default/quantum/rgblight.o
 .bss.animation_status
                0x00800171        0x6 .build/obj_nanoslider_default/quantum/rgblight.o
                0x00800171                animation_status
 .bss.is_rgblight_initialized
                0x00800177        0x1 .build/obj_nanoslider_default/quantum/rgblight.o
                0x00800177                is_rgblight_initialized
 .bss.rgblight_status
                0x00800178        0x2 .build/obj_nanoslider_default/quantum/rgblight.o
                0x00800178                rgblight_status
 .bss.sc_timer  0x0080017a        0x2 .build/obj_nanoslider_default/quantum/process_keycode/process_space_cadet.o
 .bss.sc_last   0x0080017c        0x1 .build/obj_nanoslider_default/quantum/process_keycode/process_space_cadet.o
 .bss.last_consumer_report
                0x0080017d        0x2 .build/obj_nanoslider_default/common/host.o
 .bss.last_system_report
                0x0080017f        0x2 .build/obj_nanoslider_default/common/host.o
 .bss.driver    0x00800181        0x2 .build/obj_nanoslider_default/common/host.o
 .bss.led_status.6286
                0x00800183        0x1 .build/obj_nanoslider_default/common/keyboard.o
 .bss.matrix_prev.6285
                0x00800184        0x2 .build/obj_nanoslider_default/common/keyboard.o
 .bss.disable_action_cache
                0x00800186        0x1 .build/obj_nanoslider_default/common/action.o
                0x00800186                disable_action_cache
 .bss.waiting_buffer_tail
                0x00800187        0x1 .build/obj_nanoslider_default/common/action_tapping.o
 .bss.waiting_buffer_head
                0x00800188        0x1 .build/obj_nanoslider_default/common/action_tapping.o
 .bss.waiting_buffer
                0x00800189       0x30 .build/obj_nanoslider_default/common/action_tapping.o
 .bss.tapping_key
                0x008001b9        0x6 .build/obj_nanoslider_default/common/action_tapping.o
 .bss.source_layers_cache
                0x008001bf        0x5 .build/obj_nanoslider_default/common/action_layer.o
                0x008001bf                source_layers_cache
 .bss.layer_state
                0x008001c4        0x4 .build/obj_nanoslider_default/common/action_layer.o
                0x008001c4                layer_state
 .bss.default_layer_state
                0x008001c8        0x4 .build/obj_nanoslider_default/common/action_layer.o
                0x008001c8                default_layer_state
 .bss.oneshot_layer_data
                0x008001cc        0x1 .build/obj_nanoslider_default/common/action_util.o
 .bss.oneshot_mods
                0x008001cd        0x1 .build/obj_nanoslider_default/common/action_util.o
 .bss.__compound_literal.0
                0x008001ce       0x20 .build/obj_nanoslider_default/common/action_util.o
 .bss.macro_mods
                0x008001ee        0x1 .build/obj_nanoslider_default/common/action_util.o
 .bss.weak_mods
                0x008001ef        0x1 .build/obj_nanoslider_default/common/action_util.o
 .bss.real_mods
                0x008001f0        0x1 .build/obj_nanoslider_default/common/action_util.o
 .bss.debug_config
                0x008001f1        0x1 .build/obj_nanoslider_default/common/debug.o
                0x008001f1                debug_config
 .bss.wdt_timeout
                0x008001f2        0x1 .build/obj_nanoslider_default/common/avr/suspend.o
 .bss.keyboard_report_sent
                0x008001f3       0x20 .build/obj_nanoslider_default/lufa.o
 .bss.keyboard_led_stats
                0x00800213        0x1 .build/obj_nanoslider_default/lufa.o
 .bss.keyboard_idle
                0x00800214        0x1 .build/obj_nanoslider_default/lufa.o
                0x00800214                keyboard_idle
 .bss.desired_output
                0x00800215        0x1 .build/obj_nanoslider_default/outputselect.o
                0x00800215                desired_output
 *(COMMON)
 COMMON         0x00800216       0x11 .build/obj_nanoslider_default/quantum/rgblight.o
                0x00800216                rgblight_config
                0x0080021b                led
 COMMON         0x00800227        0x4 .build/obj_nanoslider_default/common/avr/timer.o
                0x00800227                timer_count
 COMMON         0x0080022b        0x2 .build/obj_nanoslider_default/common/magic.o
                0x0080022b                keymap_config
 COMMON         0x0080022d       0xed .build/obj_nanoslider_default/qmk_midi.o
                0x0080022d                midi_device
 COMMON         0x0080031a        0x3 .build/obj_nanoslider_default/lib/lufa/LUFA/Drivers/USB/Core/DeviceStandardReq.o
                0x0080031a                USB_Device_ConfigurationNumber
                0x0080031b                USB_Device_CurrentlySelfPowered
                0x0080031c                USB_Device_RemoteWakeupEnabled
 COMMON         0x0080031d        0xa .build/obj_nanoslider_default/lib/lufa/LUFA/Drivers/USB/Core/USBTask.o
                0x0080031d                USB_IsInitialized
                0x0080031e                USB_DeviceState
                0x0080031f                USB_ControlRequest
                0x00800327                PROVIDE (__bss_end, .)
                0x00005308                __data_load_start = LOADADDR (.data)
                0x0000536c                __data_load_end = (__data_load_start + SIZEOF (.data))

.noinit         0x00800327        0x4
                [!provide]                PROVIDE (__noinit_start, .)
 *(.noinit*)
 .noinit        0x00800327        0x4 .build/obj_nanoslider_default/common/avr/bootloader.o
                0x00800327                reset_key
                [!provide]                PROVIDE (__noinit_end, .)
                0x0080032b                _end = .
                [!provide]                PROVIDE (__heap_start, .)

.eeprom         0x00810000        0x0
 *(.eeprom*)
                0x00810000                __eeprom_end = .

.fuse
 *(.fuse)
 *(.lfuse)
 *(.hfuse)
 *(.efuse)

.lock
 *(.lock*)

.signature
 *(.signature*)

.user_signatures
 *(.user_signatures*)

.stab
 *(.stab)

.stabstr        0x00000000       0x83
 *(.stabstr)
 .stabstr       0x00000000       0x83 .build/obj_nanoslider_default/common/avr/xprintf.o

.stab.excl
 *(.stab.excl)

.stab.exclstr
 *(.stab.exclstr)

.stab.index
 *(.stab.index)

.stab.indexstr
 *(.stab.indexstr)

.comment        0x00000000       0x30
 *(.comment)
 .comment       0x00000000       0x30 .build/obj_nanoslider_default/keyboards/nanoslider/keymaps/default/keymap.o
                                 0x31 (size before relaxing)
 .comment       0x00000030       0x31 .build/obj_nanoslider_default/quantum/quantum.o
 .comment       0x00000030       0x31 .build/obj_nanoslider_default/quantum/keymap_common.o
 .comment       0x00000030       0x31 .build/obj_nanoslider_default/quantum/keycode_config.o
 .comment       0x00000030       0x31 .build/obj_nanoslider_default/quantum/matrix.o
 .comment       0x00000030       0x31 .build/obj_nanoslider_default/quantum/debounce/sym_g.o
 .comment       0x00000030       0x31 .build/obj_nanoslider_default/quantum/process_keycode/process_midi.o
 .comment       0x00000030       0x31 .build/obj_nanoslider_default/quantum/color.o
 .comment       0x00000030       0x31 .build/obj_nanoslider_default/quantum/rgblight.o
 .comment       0x00000030       0x31 .build/obj_nanoslider_default/ws2812.o
 .comment       0x00000030       0x31 .build/obj_nanoslider_default/quantum/led_tables.o
 .comment       0x00000030       0x31 .build/obj_nanoslider_default/quantum/process_keycode/process_space_cadet.o
 .comment       0x00000030       0x31 .build/obj_nanoslider_default/common/host.o
 .comment       0x00000030       0x31 .build/obj_nanoslider_default/common/keyboard.o
 .comment       0x00000030       0x31 .build/obj_nanoslider_default/common/action.o
 .comment       0x00000030       0x31 .build/obj_nanoslider_default/common/action_tapping.o
 .comment       0x00000030       0x31 .build/obj_nanoslider_default/common/action_macro.o
 .comment       0x00000030       0x31 .build/obj_nanoslider_default/common/action_layer.o
 .comment       0x00000030       0x31 .build/obj_nanoslider_default/common/action_util.o
 .comment       0x00000030       0x31 .build/obj_nanoslider_default/common/debug.o
 .comment       0x00000030       0x31 .build/obj_nanoslider_default/common/eeconfig.o
 .comment       0x00000030       0x31 .build/obj_nanoslider_default/common/report.o
 .comment       0x00000030       0x31 .build/obj_nanoslider_default/common/avr/suspend.o
 .comment       0x00000030       0x31 .build/obj_nanoslider_default/common/avr/timer.o
 .comment       0x00000030       0x31 .build/obj_nanoslider_default/common/avr/bootloader.o
 .comment       0x00000030       0x31 .build/obj_nanoslider_default/common/magic.o
 .comment       0x00000030       0x31 .build/obj_nanoslider_default/midi.o
 .comment       0x00000030       0x31 .build/obj_nanoslider_default/midi_device.o
 .comment       0x00000030       0x31 .build/obj_nanoslider_default/bytequeue/bytequeue.o
 .comment       0x00000030       0x31 .build/obj_nanoslider_default/bytequeue/interrupt_setting.o
 .comment       0x00000030       0x31 .build/obj_nanoslider_default/qmk_midi.o
 .comment       0x00000030       0x31 .build/obj_nanoslider_default/lib/lufa/LUFA/Drivers/USB/Class/Device/MIDIClassDevice.o
 .comment       0x00000030       0x31 .build/obj_nanoslider_default/lufa.o
 .comment       0x00000030       0x31 .build/obj_nanoslider_default/usb_descriptor.o
 .comment       0x00000030       0x31 .build/obj_nanoslider_default/outputselect.o
 .comment       0x00000030       0x31 .build/obj_nanoslider_default/lib/lufa/LUFA/Drivers/USB/Core/AVR8/EndpointStream_AVR8.o
 .comment       0x00000030       0x31 .build/obj_nanoslider_default/lib/lufa/LUFA/Drivers/USB/Core/AVR8/Endpoint_AVR8.o
 .comment       0x00000030       0x31 .build/obj_nanoslider_default/lib/lufa/LUFA/Drivers/USB/Core/AVR8/USBController_AVR8.o
 .comment       0x00000030       0x31 .build/obj_nanoslider_default/lib/lufa/LUFA/Drivers/USB/Core/AVR8/USBInterrupt_AVR8.o
 .comment       0x00000030       0x31 .build/obj_nanoslider_default/lib/lufa/LUFA/Drivers/USB/Core/DeviceStandardReq.o
 .comment       0x00000030       0x31 .build/obj_nanoslider_default/lib/lufa/LUFA/Drivers/USB/Core/Events.o
 .comment       0x00000030       0x31 .build/obj_nanoslider_default/lib/lufa/LUFA/Drivers/USB/Core/USBTask.o

.note.gnu.avr.deviceinfo
                0x00000000       0x40
 .note.gnu.avr.deviceinfo
                0x00000000       0x40 d:/program files/msys2/home/bnguy/qmk_utils/avr8-gnu-toolchain/bin/../lib/gcc/avr/5.4.0/../../../../avr/lib/avr5/crtatmega32u4.o

.note.gnu.build-id
 *(.note.gnu.build-id)

.debug
 *(.debug)

.line
 *(.line)

.debug_srcinfo
 *(.debug_srcinfo)

.debug_sfnames
 *(.debug_sfnames)

.debug_aranges  0x00000000     0x1198
 *(.debug_aranges)
 .debug_aranges
                0x00000000       0x38 .build/obj_nanoslider_default/keyboards/nanoslider/keymaps/default/keymap.o
 .debug_aranges
                0x00000038      0x130 .build/obj_nanoslider_default/quantum/quantum.o
 .debug_aranges
                0x00000168       0x40 .build/obj_nanoslider_default/quantum/keymap_common.o
 .debug_aranges
                0x000001a8       0x28 .build/obj_nanoslider_default/quantum/keycode_config.o
 .debug_aranges
                0x000001d0       0x88 .build/obj_nanoslider_default/quantum/matrix.o
 .debug_aranges
                0x00000258       0x30 .build/obj_nanoslider_default/quantum/debounce/sym_g.o
 .debug_aranges
                0x00000288       0x20 .build/obj_nanoslider_default/quantum/process_keycode/process_midi.o
 .debug_aranges
                0x000002a8       0x20 .build/obj_nanoslider_default/quantum/color.o
 .debug_aranges
                0x000002c8      0x2a8 .build/obj_nanoslider_default/quantum/rgblight.o
 .debug_aranges
                0x00000570       0x40 .build/obj_nanoslider_default/ws2812.o
 .debug_aranges
                0x000005b0       0x18 .build/obj_nanoslider_default/quantum/led_tables.o
 .debug_aranges
                0x000005c8       0x28 .build/obj_nanoslider_default/quantum/process_keycode/process_space_cadet.o
 .debug_aranges
                0x000005f0       0x60 .build/obj_nanoslider_default/common/host.o
 .debug_aranges
                0x00000650       0x60 .build/obj_nanoslider_default/common/keyboard.o
 .debug_aranges
                0x000006b0       0xb0 .build/obj_nanoslider_default/common/action.o
 .debug_aranges
                0x00000760       0x48 .build/obj_nanoslider_default/common/action_tapping.o
 .debug_aranges
                0x000007a8       0x20 .build/obj_nanoslider_default/common/action_macro.o
 .debug_aranges
                0x000007c8       0xe0 .build/obj_nanoslider_default/common/action_layer.o
 .debug_aranges
                0x000008a8      0x140 .build/obj_nanoslider_default/common/action_util.o
 .debug_aranges
                0x000009e8       0x18 .build/obj_nanoslider_default/common/debug.o
 .debug_aranges
                0x00000a00       0xd8 .build/obj_nanoslider_default/common/eeconfig.o
 .debug_aranges
                0x00000ad8       0x60 .build/obj_nanoslider_default/common/report.o
 .debug_aranges
                0x00000b38       0x58 .build/obj_nanoslider_default/common/avr/suspend.o
 .debug_aranges
                0x00000b90       0x50 .build/obj_nanoslider_default/common/avr/timer.o
 .debug_aranges
                0x00000be0       0x28 .build/obj_nanoslider_default/common/avr/bootloader.o
 .debug_aranges
                0x00000c08       0x20 .build/obj_nanoslider_default/common/magic.o
 .debug_aranges
                0x00000c28      0x150 .build/obj_nanoslider_default/midi.o
 .debug_aranges
                0x00000d78       0x50 .build/obj_nanoslider_default/midi_device.o
 .debug_aranges
                0x00000dc8       0x40 .build/obj_nanoslider_default/bytequeue/bytequeue.o
 .debug_aranges
                0x00000e08       0x28 .build/obj_nanoslider_default/bytequeue/interrupt_setting.o
 .debug_aranges
                0x00000e30       0x40 .build/obj_nanoslider_default/qmk_midi.o
 .debug_aranges
                0x00000e70       0x40 .build/obj_nanoslider_default/lib/lufa/LUFA/Drivers/USB/Class/Device/MIDIClassDevice.o
 .debug_aranges
                0x00000eb0       0xb0 .build/obj_nanoslider_default/lufa.o
 .debug_aranges
                0x00000f60       0x20 .build/obj_nanoslider_default/usb_descriptor.o
 .debug_aranges
                0x00000f80       0x38 .build/obj_nanoslider_default/outputselect.o
 .debug_aranges
                0x00000fb8       0xc8 .build/obj_nanoslider_default/lib/lufa/LUFA/Drivers/USB/Core/AVR8/EndpointStream_AVR8.o
 .debug_aranges
                0x00001080       0x40 .build/obj_nanoslider_default/lib/lufa/LUFA/Drivers/USB/Core/AVR8/Endpoint_AVR8.o
 .debug_aranges
                0x000010c0       0x30 .build/obj_nanoslider_default/lib/lufa/LUFA/Drivers/USB/Core/AVR8/USBController_AVR8.o
 .debug_aranges
                0x000010f0       0x38 .build/obj_nanoslider_default/lib/lufa/LUFA/Drivers/USB/Core/AVR8/USBInterrupt_AVR8.o
 .debug_aranges
                0x00001128       0x20 .build/obj_nanoslider_default/lib/lufa/LUFA/Drivers/USB/Core/DeviceStandardReq.o
 .debug_aranges
                0x00001148       0x30 .build/obj_nanoslider_default/lib/lufa/LUFA/Drivers/USB/Core/Events.o
 .debug_aranges
                0x00001178       0x20 .build/obj_nanoslider_default/lib/lufa/LUFA/Drivers/USB/Core/USBTask.o

.debug_pubnames
 *(.debug_pubnames)

.debug_info     0x00000000    0x1a318
 *(.debug_info .gnu.linkonce.wi.*)
 .debug_info    0x00000000      0x9f4 d:/program files/msys2/home/bnguy/qmk_utils/avr8-gnu-toolchain/bin/../lib/gcc/avr/5.4.0/../../../../avr/lib/avr5/crtatmega32u4.o
 .debug_info    0x000009f4     0x10ab .build/obj_nanoslider_default/keyboards/nanoslider/keymaps/default/keymap.o
 .debug_info    0x00001a9f     0x270a .build/obj_nanoslider_default/quantum/quantum.o
 .debug_info    0x000041a9     0x1858 .build/obj_nanoslider_default/quantum/keymap_common.o
 .debug_info    0x00005a01      0x5fd .build/obj_nanoslider_default/quantum/keycode_config.o
 .debug_info    0x00005ffe      0x70a .build/obj_nanoslider_default/quantum/matrix.o
 .debug_info    0x00006708      0x28e .build/obj_nanoslider_default/quantum/debounce/sym_g.o
 .debug_info    0x00006996      0x4af .build/obj_nanoslider_default/quantum/process_keycode/process_midi.o
 .debug_info    0x00006e45      0x256 .build/obj_nanoslider_default/quantum/color.o
 .debug_info    0x0000709b     0x2741 .build/obj_nanoslider_default/quantum/rgblight.o
 .debug_info    0x000097dc      0x3ac .build/obj_nanoslider_default/ws2812.o
 .debug_info    0x00009b88       0xab .build/obj_nanoslider_default/quantum/led_tables.o
 .debug_info    0x00009c33     0x111c .build/obj_nanoslider_default/quantum/process_keycode/process_space_cadet.o
 .debug_info    0x0000ad4f      0x576 .build/obj_nanoslider_default/common/host.o
 .debug_info    0x0000b2c5      0x5bb .build/obj_nanoslider_default/common/keyboard.o
 .debug_info    0x0000b880     0x1c54 .build/obj_nanoslider_default/common/action.o
 .debug_info    0x0000d4d4      0xe44 .build/obj_nanoslider_default/common/action_tapping.o
 .debug_info    0x0000e318      0x868 .build/obj_nanoslider_default/common/action_macro.o
 .debug_info    0x0000eb80      0xb8b .build/obj_nanoslider_default/common/action_layer.o
 .debug_info    0x0000f70b      0x8a5 .build/obj_nanoslider_default/common/action_util.o
 .debug_info    0x0000ffb0       0xfc .build/obj_nanoslider_default/common/debug.o
 .debug_info    0x000100ac      0x7d3 .build/obj_nanoslider_default/common/eeconfig.o
 .debug_info    0x0001087f      0x508 .build/obj_nanoslider_default/common/report.o
 .debug_info    0x00010d87      0x362 .build/obj_nanoslider_default/common/avr/suspend.o
 .debug_info    0x000110e9      0x3a2 .build/obj_nanoslider_default/common/avr/timer.o
 .debug_info    0x0001148b      0x1eb .build/obj_nanoslider_default/common/avr/bootloader.o
 .debug_info    0x00011676      0x2ba .build/obj_nanoslider_default/common/magic.o
 .debug_info    0x00011930     0x118f .build/obj_nanoslider_default/midi.o
 .debug_info    0x00012abf      0x91d .build/obj_nanoslider_default/midi_device.o
 .debug_info    0x000133dc      0x2a5 .build/obj_nanoslider_default/bytequeue/bytequeue.o
 .debug_info    0x00013681       0xc8 .build/obj_nanoslider_default/bytequeue/interrupt_setting.o
 .debug_info    0x00013749      0x85a .build/obj_nanoslider_default/qmk_midi.o
 .debug_info    0x00013fa3      0x5de .build/obj_nanoslider_default/lib/lufa/LUFA/Drivers/USB/Class/Device/MIDIClassDevice.o
 .debug_info    0x00014581     0x1786 .build/obj_nanoslider_default/lufa.o
 .debug_info    0x00015d07      0xc10 .build/obj_nanoslider_default/usb_descriptor.o
 .debug_info    0x00016917      0x1af .build/obj_nanoslider_default/outputselect.o
 .debug_info    0x00016ac6     0x17c8 .build/obj_nanoslider_default/lib/lufa/LUFA/Drivers/USB/Core/AVR8/EndpointStream_AVR8.o
 .debug_info    0x0001828e      0x620 .build/obj_nanoslider_default/lib/lufa/LUFA/Drivers/USB/Core/AVR8/Endpoint_AVR8.o
 .debug_info    0x000188ae      0x4e7 .build/obj_nanoslider_default/lib/lufa/LUFA/Drivers/USB/Core/AVR8/USBController_AVR8.o
 .debug_info    0x00018d95      0x7e7 .build/obj_nanoslider_default/lib/lufa/LUFA/Drivers/USB/Core/AVR8/USBInterrupt_AVR8.o
 .debug_info    0x0001957c      0xa4c .build/obj_nanoslider_default/lib/lufa/LUFA/Drivers/USB/Core/DeviceStandardReq.o
 .debug_info    0x00019fc8       0xde .build/obj_nanoslider_default/lib/lufa/LUFA/Drivers/USB/Core/Events.o
 .debug_info    0x0001a0a6      0x272 .build/obj_nanoslider_default/lib/lufa/LUFA/Drivers/USB/Core/USBTask.o

.debug_abbrev   0x00000000     0x5a48
 *(.debug_abbrev)
 .debug_abbrev  0x00000000      0x96a d:/program files/msys2/home/bnguy/qmk_utils/avr8-gnu-toolchain/bin/../lib/gcc/avr/5.4.0/../../../../avr/lib/avr5/crtatmega32u4.o
 .debug_abbrev  0x0000096a      0x1a8 .build/obj_nanoslider_default/keyboards/nanoslider/keymaps/default/keymap.o
 .debug_abbrev  0x00000b12      0x43f .build/obj_nanoslider_default/quantum/quantum.o
 .debug_abbrev  0x00000f51      0x25d .build/obj_nanoslider_default/quantum/keymap_common.o
 .debug_abbrev  0x000011ae       0xe1 .build/obj_nanoslider_default/quantum/keycode_config.o
 .debug_abbrev  0x0000128f      0x338 .build/obj_nanoslider_default/quantum/matrix.o
 .debug_abbrev  0x000015c7      0x186 .build/obj_nanoslider_default/quantum/debounce/sym_g.o
 .debug_abbrev  0x0000174d      0x136 .build/obj_nanoslider_default/quantum/process_keycode/process_midi.o
 .debug_abbrev  0x00001883       0xf2 .build/obj_nanoslider_default/quantum/color.o
 .debug_abbrev  0x00001975      0x564 .build/obj_nanoslider_default/quantum/rgblight.o
 .debug_abbrev  0x00001ed9      0x18d .build/obj_nanoslider_default/ws2812.o
 .debug_abbrev  0x00002066       0x5d .build/obj_nanoslider_default/quantum/led_tables.o
 .debug_abbrev  0x000020c3      0x1c2 .build/obj_nanoslider_default/quantum/process_keycode/process_space_cadet.o
 .debug_abbrev  0x00002285      0x1a9 .build/obj_nanoslider_default/common/host.o
 .debug_abbrev  0x0000242e      0x250 .build/obj_nanoslider_default/common/keyboard.o
 .debug_abbrev  0x0000267e      0x381 .build/obj_nanoslider_default/common/action.o
 .debug_abbrev  0x000029ff      0x2df .build/obj_nanoslider_default/common/action_tapping.o
 .debug_abbrev  0x00002cde      0x1cd .build/obj_nanoslider_default/common/action_macro.o
 .debug_abbrev  0x00002eab      0x28a .build/obj_nanoslider_default/common/action_layer.o
 .debug_abbrev  0x00003135      0x274 .build/obj_nanoslider_default/common/action_util.o
 .debug_abbrev  0x000033a9       0x87 .build/obj_nanoslider_default/common/debug.o
 .debug_abbrev  0x00003430       0xe1 .build/obj_nanoslider_default/common/eeconfig.o
 .debug_abbrev  0x00003511      0x1c7 .build/obj_nanoslider_default/common/report.o
 .debug_abbrev  0x000036d8      0x1ee .build/obj_nanoslider_default/common/avr/suspend.o
 .debug_abbrev  0x000038c6      0x175 .build/obj_nanoslider_default/common/avr/timer.o
 .debug_abbrev  0x00003a3b      0x163 .build/obj_nanoslider_default/common/avr/bootloader.o
 .debug_abbrev  0x00003b9e       0xf9 .build/obj_nanoslider_default/common/magic.o
 .debug_abbrev  0x00003c97      0x1f2 .build/obj_nanoslider_default/midi.o
 .debug_abbrev  0x00003e89      0x1d9 .build/obj_nanoslider_default/midi_device.o
 .debug_abbrev  0x00004062      0x140 .build/obj_nanoslider_default/bytequeue/bytequeue.o
 .debug_abbrev  0x000041a2       0x8b .build/obj_nanoslider_default/bytequeue/interrupt_setting.o
 .debug_abbrev  0x0000422d      0x26d .build/obj_nanoslider_default/qmk_midi.o
 .debug_abbrev  0x0000449a      0x219 .build/obj_nanoslider_default/lib/lufa/LUFA/Drivers/USB/Class/Device/MIDIClassDevice.o
 .debug_abbrev  0x000046b3      0x494 .build/obj_nanoslider_default/lufa.o
 .debug_abbrev  0x00004b47      0x184 .build/obj_nanoslider_default/usb_descriptor.o
 .debug_abbrev  0x00004ccb      0x129 .build/obj_nanoslider_default/outputselect.o
 .debug_abbrev  0x00004df4      0x1ea .build/obj_nanoslider_default/lib/lufa/LUFA/Drivers/USB/Core/AVR8/EndpointStream_AVR8.o
 .debug_abbrev  0x00004fde      0x226 .build/obj_nanoslider_default/lib/lufa/LUFA/Drivers/USB/Core/AVR8/Endpoint_AVR8.o
 .debug_abbrev  0x00005204      0x191 .build/obj_nanoslider_default/lib/lufa/LUFA/Drivers/USB/Core/AVR8/USBController_AVR8.o
 .debug_abbrev  0x00005395      0x213 .build/obj_nanoslider_default/lib/lufa/LUFA/Drivers/USB/Core/AVR8/USBInterrupt_AVR8.o
 .debug_abbrev  0x000055a8      0x29c .build/obj_nanoslider_default/lib/lufa/LUFA/Drivers/USB/Core/DeviceStandardReq.o
 .debug_abbrev  0x00005844       0x99 .build/obj_nanoslider_default/lib/lufa/LUFA/Drivers/USB/Core/Events.o
 .debug_abbrev  0x000058dd      0x16b .build/obj_nanoslider_default/lib/lufa/LUFA/Drivers/USB/Core/USBTask.o

.debug_line     0x00000000     0xac4b
 *(.debug_line .debug_line.* .debug_line_end)
 .debug_line    0x00000000       0x1a d:/program files/msys2/home/bnguy/qmk_utils/avr8-gnu-toolchain/bin/../lib/gcc/avr/5.4.0/../../../../avr/lib/avr5/crtatmega32u4.o
 .debug_line    0x0000001a      0x1a2 .build/obj_nanoslider_default/keyboards/nanoslider/keymaps/default/keymap.o
 .debug_line    0x000001bc      0xce7 .build/obj_nanoslider_default/quantum/quantum.o